Archive member included to satisfy reference by file (symbol)

/usr/lib/gcc/arm-none-eabi/15.2.0/../../../../arm-none-eabi/lib/thumb/v7e-m+fp/hard/libc_nano.a(libc_a-atexit.o)
                              /usr/lib/gcc/arm-none-eabi/15.2.0/../../../../arm-none-eabi/lib/thumb/v7e-m+fp/hard/crt0.o (atexit)
/usr/lib/gcc/arm-none-eabi/15.2.0/../../../../arm-none-eabi/lib/thumb/v7e-m+fp/hard/libc_nano.a(libc_a-atoi.o)
                              build/mimic.o (atoi)
/usr/lib/gcc/arm-none-eabi/15.2.0/../../../../arm-none-eabi/lib/thumb/v7e-m+fp/hard/libc_nano.a(libc_a-exit.o)
                              /usr/lib/gcc/arm-none-eabi/15.2.0/../../../../arm-none-eabi/lib/thumb/v7e-m+fp/hard/crt0.o (exit)
/usr/lib/gcc/arm-none-eabi/15.2.0/../../../../arm-none-eabi/lib/thumb/v7e-m+fp/hard/libc_nano.a(libc_a-strtol.o)
                              /usr/lib/gcc/arm-none-eabi/15.2.0/../../../../arm-none-eabi/lib/thumb/v7e-m+fp/hard/libc_nano.a(libc_a-atoi.o) (_strtol_r)
/usr/lib/gcc/arm-none-eabi/15.2.0/../../../../arm-none-eabi/lib/thumb/v7e-m+fp/hard/libc_nano.a(libc_a-strtoul.o)
                              build/mimic.o (strtoul)
/usr/lib/gcc/arm-none-eabi/15.2.0/../../../../arm-none-eabi/lib/thumb/v7e-m+fp/hard/libc_nano.a(libc_a-ctype_.o)
                              /usr/lib/gcc/arm-none-eabi/15.2.0/../../../../arm-none-eabi/lib/thumb/v7e-m+fp/hard/libc_nano.a(libc_a-strtol.o) (_ctype_)
/usr/lib/gcc/arm-none-eabi/15.2.0/../../../../arm-none-eabi/lib/thumb/v7e-m+fp/hard/libc_nano.a(libc_a-findfp.o)
                              /usr/lib/gcc/arm-none-eabi/15.2.0/../../../../arm-none-eabi/lib/thumb/v7e-m+fp/hard/libc_nano.a(libc_a-exit.o) (__stdio_exit_handler)
/usr/lib/gcc/arm-none-eabi/15.2.0/../../../../arm-none-eabi/lib/thumb/v7e-m+fp/hard/libc_nano.a(libc_a-fwalk.o)
                              /usr/lib/gcc/arm-none-eabi/15.2.0/../../../../arm-none-eabi/lib/thumb/v7e-m+fp/hard/libc_nano.a(libc_a-findfp.o) (_fwalk_sglue)
/usr/lib/gcc/arm-none-eabi/15.2.0/../../../../arm-none-eabi/lib/thumb/v7e-m+fp/hard/libc_nano.a(libc_a-snprintf.o)
                              build/mimic.o (snprintf)
/usr/lib/gcc/arm-none-eabi/15.2.0/../../../../arm-none-eabi/lib/thumb/v7e-m+fp/hard/libc_nano.a(libc_a-stdio.o)
                              /usr/lib/gcc/arm-none-eabi/15.2.0/../../../../arm-none-eabi/lib/thumb/v7e-m+fp/hard/libc_nano.a(libc_a-findfp.o) (__sread)
/usr/lib/gcc/arm-none-eabi/15.2.0/../../../../arm-none-eabi/lib/thumb/v7e-m+fp/hard/libc_nano.a(libc_a-vsnprintf.o)
                              build/mimic.o (vsnprintf)
/usr/lib/gcc/arm-none-eabi/15.2.0/../../../../arm-none-eabi/lib/thumb/v7e-m+fp/hard/libc_nano.a(libc_a-memcmp.o)
                              build/mimic.o (memcmp)
/usr/lib/gcc/arm-none-eabi/15.2.0/../../../../arm-none-eabi/lib/thumb/v7e-m+fp/hard/libc_nano.a(libc_a-memset.o)
                              /usr/lib/gcc/arm-none-eabi/15.2.0/../../../../arm-none-eabi/lib/thumb/v7e-m+fp/hard/crt0.o (memset)
/usr/lib/gcc/arm-none-eabi/15.2.0/../../../../arm-none-eabi/lib/thumb/v7e-m+fp/hard/libc_nano.a(libc_a-strcasecmp.o)
                              build/mimic.o (strcasecmp)
/usr/lib/gcc/arm-none-eabi/15.2.0/../../../../arm-none-eabi/lib/thumb/v7e-m+fp/hard/libc_nano.a(libc_a-strcat.o)
                              build/mimic.o (strcat)
/usr/lib/gcc/arm-none-eabi/15.2.0/../../../../arm-none-eabi/lib/thumb/v7e-m+fp/hard/libc_nano.a(libc_a-strncpy.o)
                              build/mimic.o (strncpy)
/usr/lib/gcc/arm-none-eabi/15.2.0/../../../../arm-none-eabi/lib/thumb/v7e-m+fp/hard/libc_nano.a(libc_a-strtok.o)
                              build/mimic.o (strtok)
/usr/lib/gcc/arm-none-eabi/15.2.0/../../../../arm-none-eabi/lib/thumb/v7e-m+fp/hard/libc_nano.a(libc_a-strtok_r.o)
                              /usr/lib/gcc/arm-none-eabi/15.2.0/../../../../arm-none-eabi/lib/thumb/v7e-m+fp/hard/libc_nano.a(libc_a-strtok.o) (__strtok_r)
/usr/lib/gcc/arm-none-eabi/15.2.0/../../../../arm-none-eabi/lib/thumb/v7e-m+fp/hard/libc_nano.a(libc_a-closer.o)
                              /usr/lib/gcc/arm-none-eabi/15.2.0/../../../../arm-none-eabi/lib/thumb/v7e-m+fp/hard/libc_nano.a(libc_a-stdio.o) (_close_r)
/usr/lib/gcc/arm-none-eabi/15.2.0/../../../../arm-none-eabi/lib/thumb/v7e-m+fp/hard/libc_nano.a(libc_a-reent.o)
                              /usr/lib/gcc/arm-none-eabi/15.2.0/../../../../arm-none-eabi/lib/thumb/v7e-m+fp/hard/libc_nano.a(libc_a-closer.o) (errno)
/usr/lib/gcc/arm-none-eabi/15.2.0/../../../../arm-none-eabi/lib/thumb/v7e-m+fp/hard/libc_nano.a(libc_a-impure.o)
                              /usr/lib/gcc/arm-none-eabi/15.2.0/../../../../arm-none-eabi/lib/thumb/v7e-m+fp/hard/libc_nano.a(libc_a-strtol.o) (_impure_ptr)
/usr/lib/gcc/arm-none-eabi/15.2.0/../../../../arm-none-eabi/lib/thumb/v7e-m+fp/hard/libc_nano.a(libc_a-lseekr.o)
                              /usr/lib/gcc/arm-none-eabi/15.2.0/../../../../arm-none-eabi/lib/thumb/v7e-m+fp/hard/libc_nano.a(libc_a-stdio.o) (_lseek_r)
[...]
Memory Configuration

Name             Origin             Length             Attributes
RAM              0x20000000         0x00020000         xrw
FLASH            0x08000000         0x00080000         xr
*default*        0x00000000         0xffffffff

Linker script and memory map

LOAD /usr/lib/gcc/arm-none-eabi/15.2.0/thumb/v7e-m+fp/hard/crti.o
LOAD /usr/lib/gcc/arm-none-eabi/15.2.0/thumb/v7e-m+fp/hard/crtbegin.o
LOAD /usr/lib/gcc/arm-none-eabi/15.2.0/../../../../arm-none-eabi/lib/thumb/v7e-m+fp/hard/crt0.o
LOAD build/main.o
LOAD build/gpio.o
LOAD build/usart.o
LOAD build/mimic.o
LOAD build/stm32f4xx_it.o
LOAD build/stm32f4xx_hal_msp.o
LOAD build/stm32f4xx_hal_uart.o
LOAD build/stm32f4xx_hal_spi.o
LOAD build/stm32f4xx_hal_i2c.o
LOAD build/stm32f4xx_hal_i2c_ex.o
LOAD build/stm32f4xx_hal_rcc.o
LOAD build/stm32f4xx_hal_rcc_ex.o
LOAD build/stm32f4xx_hal_flash.o
LOAD build/stm32f4xx_hal_flash_ex.o
LOAD build/stm32f4xx_hal_flash_ramfunc.o
LOAD build/stm32f4xx_hal_gpio.o
LOAD build/stm32f4xx_hal_dma_ex.o
LOAD build/stm32f4xx_hal_dma.o
LOAD build/stm32f4xx_hal_pwr.o
LOAD build/stm32f4xx_hal_pwr_ex.o
LOAD build/stm32f4xx_hal_cortex.o
LOAD build/stm32f4xx_hal.o
LOAD build/stm32f4xx_hal_exti.o
LOAD build/system_stm32f4xx.o
LOAD build/sysmem.o
LOAD build/syscalls.o
LOAD build/startup_stm32f411xe.o
LOAD /usr/lib/gcc/arm-none-eabi/15.2.0/../../../../arm-none-eabi/lib/thumb/v7e-m+fp/hard/libc_nano.a
LOAD /usr/lib/gcc/arm-none-eabi/15.2.0/../../../../arm-none-eabi/lib/thumb/v7e-m+fp/hard/libm.a
LOAD /usr/lib/gcc/arm-none-eabi/15.2.0/../../../../arm-none-eabi/lib/thumb/v7e-m+fp/hard/libnosys.a
START GROUP
LOAD /usr/lib/gcc/arm-none-eabi/15.2.0/thumb/v7e-m+fp/hard/libgcc.a
LOAD /usr/lib/gcc/arm-none-eabi/15.2.0/../../../../arm-none-eabi/lib/thumb/v7e-m+fp/hard/libc_nano.a
END GROUP
START GROUP
LOAD /usr/lib/gcc/arm-none-eabi/15.2.0/thumb/v7e-m+fp/hard/libgcc.a
LOAD /usr/lib/gcc/arm-none-eabi/15.2.0/../../../../arm-none-eabi/lib/thumb/v7e-m+fp/hard/libc_nano.a
END GROUP
LOAD /usr/lib/gcc/arm-none-eabi/15.2.0/thumb/v7e-m+fp/hard/crtend.o
LOAD /usr/lib/gcc/arm-none-eabi/15.2.0/thumb/v7e-m+fp/hard/crtn.o
                0x20020000                        _estack = (ORIGIN (RAM) + LENGTH (RAM))
                0x00000200                        _Min_Heap_Size = 0x200
                0x00000400                        _Min_Stack_Size = 0x400

.isr_vector     0x08000000      0x198
                0x08000000                        . = ALIGN (0x4)
 *(.isr_vector)
 .isr_vector    0x08000000      0x198 build/startup_stm32f411xe.o
                0x08000000                g_pfnVectors
                0x08000198                        . = ALIGN (0x4)

.text           0x080001a0     0x9b34
                0x080001a0                        . = ALIGN (0x4)
 *(.text)
 .text          0x080001a0       0x88 /usr/lib/gcc/arm-none-eabi/15.2.0/thumb/v7e-m+fp/hard/crtbegin.o
 .text          0x08000228       0x14 /usr/lib/gcc/arm-none-eabi/15.2.0/../../../../arm-none-eabi/lib/thumb/v7e-m+fp/hard/libc_nano.a(libc_a-strcmp.o)
                0x08000228                strcmp
 .text          0x0800023c       0x10 /usr/lib/gcc/arm-none-eabi/15.2.0/../../../../arm-none-eabi/lib/thumb/v7e-m+fp/hard/libc_nano.a(libc_a-strlen.o)
                0x0800023c                strlen
 *fill*         0x0800024c        0x4 
 .text          0x08000250       0xa0 /usr/lib/gcc/arm-none-eabi/15.2.0/../../../../arm-none-eabi/lib/thumb/v7e-m+fp/hard/libc_nano.a(libc_a-memchr.o)
                0x08000250                memchr
 .text          0x080002f0       0x30 /usr/lib/gcc/arm-none-eabi/15.2.0/thumb/v7e-m+fp/hard/libgcc.a(_aeabi_uldivmod.o)
                0x080002f0                __aeabi_uldivmod
 .text          0x08000320      0x320 /usr/lib/gcc/arm-none-eabi/15.2.0/thumb/v7e-m+fp/hard/libgcc.a(_udivmoddi4.o)
                0x08000320                __udivmoddi4
 .text          0x08000640        0x4 /usr/lib/gcc/arm-none-eabi/15.2.0/thumb/v7e-m+fp/hard/libgcc.a(_dvmd_tls.o)
                0x08000640                __aeabi_ldiv0
                0x08000640                __aeabi_idiv0
 *(.text*)
 .text.Error_Handler
                0x08000644        0x4 build/main.o
                0x08000644                Error_Handler
 .text.SystemClock_Config
                0x08000648       0xa0 build/main.o
                0x08000648                SystemClock_Config
 .text.main     0x080006e8       0x1c build/main.o
                0x080006e8                main
 .text.MX_GPIO_Init
                0x08000704       0x88 build/gpio.o
                0x08000704                MX_GPIO_Init
 .text.MX_USART1_UART_Init
                0x0800078c       0x34 build/usart.o
                0x0800078c                MX_USART1_UART_Init
 .text.HAL_UART_MspInit
                0x080007c0      0x150 build/usart.o
                0x080007c0                HAL_UART_MspInit
 .text.__NVIC_SystemReset
                0x08000910       0x24 build/mimic.o
 .text.Mimic_RxAvailable
                0x08000934       0x1c build/mimic.o
 .text.Mimic_RxGet
                0x08000950       0x44 build/mimic.o
 .text.Mimic_ConfigureUARTGPIO
                0x08000994       0xe4 build/mimic.o
 .text.Mimic_ConfigureSPIGPIO
                0x08000a78       0x9c build/mimic.o
 .text.Mimic_GetUARTHandle
                0x08000b14       0x7c build/mimic.o
 .text.Mimic_GetSPIHandle
                0x08000b90       0xd0 build/mimic.o
 .text.Mimic_ParseHexData
                0x08000c60       0x86 build/mimic.o
 *fill*         0x08000ce6        0x2 
 .text.HAL_UART_RxCpltCallback
                0x08000ce8       0x60 build/mimic.o
                0x08000ce8                HAL_UART_RxCpltCallback
 .text.Mimic_SendResponse
                0x08000d48       0x1c build/mimic.o
                0x08000d48                Mimic_SendResponse
 .text.Mimic_Init
                0x08000d64       0xf4 build/mimic.o
                0x08000d64                Mimic_Init
 .text.Mimic_SendResponseF
                0x08000e58       0x28 build/mimic.o
                0x08000e58                Mimic_SendResponseF
 .text.Mimic_ParseCommand
                0x08000e80       0x74 build/mimic.o
                0x08000e80                Mimic_ParseCommand
 .text.Mimic_GetPort
                0x08000ef4       0x34 build/mimic.o
                0x08000ef4                Mimic_GetPort
 .text.Mimic_GetPin
                0x08000f28       0x12 build/mimic.o
                0x08000f28                Mimic_GetPin
 .text.Mimic_ParsePin
                0x08000f3a       0x60 build/mimic.o
                0x08000f3a                Mimic_ParsePin
 *fill*         0x08000f9a        0x2 
 .text.Mimic_CMD_PIN_STATUS
                0x08000f9c      0x14c build/mimic.o
                0x08000f9c                Mimic_CMD_PIN_STATUS
 .text.Mimic_CMD_PIN_SET_OUT
                0x080010e8      0x11c build/mimic.o
                0x080010e8                Mimic_CMD_PIN_SET_OUT
 .text.Mimic_CMD_PIN_SET_IN
                0x08001204      0x158 build/mimic.o
                0x08001204                Mimic_CMD_PIN_SET_IN
 .text.Mimic_CMD_PIN_HIGH
                0x0800135c       0x54 build/mimic.o
                0x0800135c                Mimic_CMD_PIN_HIGH
 .text.Mimic_CMD_PIN_LOW
                0x080013b0       0x54 build/mimic.o
                0x080013b0                Mimic_CMD_PIN_LOW
 .text.Mimic_CMD_PIN_READ
                0x08001404       0x64 build/mimic.o
                0x08001404                Mimic_CMD_PIN_READ
 .text.Mimic_CMD_PIN_TOGGLE
                0x08001468       0x6c build/mimic.o
                0x08001468                Mimic_CMD_PIN_TOGGLE
 .text.Mimic_CMD_PIN_MODE
                0x080014d4      0x178 build/mimic.o
                0x080014d4                Mimic_CMD_PIN_MODE
 .text.Mimic_CMD_UART_INIT
                0x0800164c      0x194 build/mimic.o
                0x0800164c                Mimic_CMD_UART_INIT
 .text.Mimic_CMD_UART_RS485
                0x080017e0       0xfc build/mimic.o
                0x080017e0                Mimic_CMD_UART_RS485
 .text.Mimic_CMD_UART_SEND
                0x080018dc      0x18c build/mimic.o
                0x080018dc                Mimic_CMD_UART_SEND
 .text.Mimic_CMD_UART_RECV
                0x08001a68      0x224 build/mimic.o
                0x08001a68                Mimic_CMD_UART_RECV
 .text.Mimic_CMD_UART_STATUS
                0x08001c8c       0x44 build/mimic.o
                0x08001c8c                Mimic_CMD_UART_STATUS
 .text.Mimic_CMD_UART_TEST
                0x08001cd0      0x108 build/mimic.o
                0x08001cd0                Mimic_CMD_UART_TEST
 .text.Mimic_CMD_SPI_INIT
                0x08001dd8      0x3d0 build/mimic.o
                0x08001dd8                Mimic_CMD_SPI_INIT
 .text.Mimic_CMD_SPI_SEND
                0x080021a8      0x150 build/mimic.o
                0x080021a8                Mimic_CMD_SPI_SEND
 .text.Mimic_CMD_SPI_RECV
                0x080022f8      0x134 build/mimic.o
                0x080022f8                Mimic_CMD_SPI_RECV
 .text.Mimic_CMD_SPI_TRANSFER
                0x0800242c      0x188 build/mimic.o
                0x0800242c                Mimic_CMD_SPI_TRANSFER
 .text.Mimic_CMD_SPI_CS
                0x080025b4      0x18c build/mimic.o
                0x080025b4                Mimic_CMD_SPI_CS
 .text.Mimic_CMD_SPI_STATUS
                0x08002740      0x138 build/mimic.o
                0x08002740                Mimic_CMD_SPI_STATUS
 .text.Mimic_GetI2CHandle
                0x08002878       0x48 build/mimic.o
                0x08002878                Mimic_GetI2CHandle
 .text.Mimic_ConfigureI2CGPIO
                0x080028c0       0x70 build/mimic.o
                0x080028c0                Mimic_ConfigureI2CGPIO
 .text.Mimic_CMD_I2C_INIT
                0x08002930      0x264 build/mimic.o
                0x08002930                Mimic_CMD_I2C_INIT
 .text.Mimic_CMD_I2C_SCAN
                0x08002b94       0x8c build/mimic.o
                0x08002b94                Mimic_CMD_I2C_SCAN
 .text.Mimic_CMD_I2C_WRITE
                0x08002c20      0x120 build/mimic.o
                0x08002c20                Mimic_CMD_I2C_WRITE
 .text.Mimic_CMD_I2C_READ
                0x08002d40      0x110 build/mimic.o
                0x08002d40                Mimic_CMD_I2C_READ
 .text.Mimic_CMD_I2C_REG_SET
                0x08002e50       0x48 build/mimic.o
                0x08002e50                Mimic_CMD_I2C_REG_SET
 .text.Mimic_CMD_I2C_REG_DATA
                0x08002e98       0x4c build/mimic.o
                0x08002e98                Mimic_CMD_I2C_REG_DATA
 .text.Mimic_CMD_I2C_WRITE_READ
                0x08002ee4      0x150 build/mimic.o
                0x08002ee4                Mimic_CMD_I2C_WRITE_READ
 .text.Mimic_CMD_I2C_STATUS
                0x08003034       0xf8 build/mimic.o
                0x08003034                Mimic_CMD_I2C_STATUS
 .text.Mimic_CMD_HELP
                0x0800312c      0x1bc build/mimic.o
                0x0800312c                Mimic_CMD_HELP
 .text.Mimic_CMD_VERSION
                0x080032e8       0x34 build/mimic.o
                0x080032e8                Mimic_CMD_VERSION
 .text.Mimic_CMD_STATUS
                0x0800331c       0xb8 build/mimic.o
                0x0800331c                Mimic_CMD_STATUS
 .text.Mimic_CMD_RESET
                0x080033d4       0x18 build/mimic.o
                0x080033d4                Mimic_CMD_RESET
 .text.Mimic_CMD_UART_POLL
                0x080033ec       0xfc build/mimic.o
                0x080033ec                Mimic_CMD_UART_POLL
 .text.Mimic_ProcessCommand
                0x080034e8      0x464 build/mimic.o
                0x080034e8                Mimic_ProcessCommand
 .text.HAL_I2C_AddrCallback
                0x0800394c       0x40 build/mimic.o
                0x0800394c                HAL_I2C_AddrCallback
 .text.HAL_I2C_SlaveRxCpltCallback
                0x0800398c       0x50 build/mimic.o
                0x0800398c                HAL_I2C_SlaveRxCpltCallback
 .text.HAL_I2C_SlaveTxCpltCallback
                0x080039dc        0x2 build/mimic.o
                0x080039dc                HAL_I2C_SlaveTxCpltCallback
 .text.HAL_I2C_ListenCpltCallback
                0x080039de        0x8 build/mimic.o
                0x080039de                HAL_I2C_ListenCpltCallback
 .text.HAL_I2C_ErrorCallback
                0x080039e6        0x8 build/mimic.o
                0x080039e6                HAL_I2C_ErrorCallback
 *fill*         0x080039ee        0x2 
 .text.HAL_SPI_TxRxCpltCallback
                0x080039f0       0x78 build/mimic.o
                0x080039f0                HAL_SPI_TxRxCpltCallback
 .text.HAL_GPIO_EXTI_Callback
                0x08003a68       0x48 build/mimic.o
                0x08003a68                HAL_GPIO_EXTI_Callback
 .text.Mimic_SPI_Sync
                0x08003ab0       0x2c build/mimic.o
                0x08003ab0                Mimic_SPI_Sync
 .text.Mimic_Process
                0x08003adc       0x9c build/mimic.o
                0x08003adc                Mimic_Process
 .text.HAL_SPI_ErrorCallback
                0x08003b78       0x2c build/mimic.o
                0x08003b78                HAL_SPI_ErrorCallback
 .text.NMI_Handler
                0x08003ba4        0x2 build/stm32f4xx_it.o
                0x08003ba4                NMI_Handler
 .text.HardFault_Handler
                0x08003ba6        0x2 build/stm32f4xx_it.o
                0x08003ba6                HardFault_Handler
 .text.MemManage_Handler
                0x08003ba8        0x2 build/stm32f4xx_it.o
                0x08003ba8                MemManage_Handler
 .text.BusFault_Handler
                0x08003baa        0x2 build/stm32f4xx_it.o
                0x08003baa                BusFault_Handler
 .text.UsageFault_Handler
                0x08003bac        0x2 build/stm32f4xx_it.o
                0x08003bac                UsageFault_Handler
 .text.SVC_Handler
                0x08003bae        0x2 build/stm32f4xx_it.o
                0x08003bae                SVC_Handler
 .text.DebugMon_Handler
                0x08003bb0        0x2 build/stm32f4xx_it.o
                0x08003bb0                DebugMon_Handler
 .text.PendSV_Handler
                0x08003bb2        0x2 build/stm32f4xx_it.o
                0x08003bb2                PendSV_Handler
 .text.SysTick_Handler
                0x08003bb4        0x8 build/stm32f4xx_it.o
                0x08003bb4                SysTick_Handler
 .text.USART1_IRQHandler
                0x08003bbc       0x10 build/stm32f4xx_it.o
                0x08003bbc                USART1_IRQHandler
 .text.USART2_IRQHandler
                0x08003bcc       0x10 build/stm32f4xx_it.o
                0x08003bcc                USART2_IRQHandler
 .text.USART6_IRQHandler
                0x08003bdc       0x10 build/stm32f4xx_it.o
                0x08003bdc                USART6_IRQHandler
 .text.I2C1_EV_IRQHandler
                0x08003bec       0x1c build/stm32f4xx_it.o
                0x08003bec                I2C1_EV_IRQHandler
 .text.I2C1_ER_IRQHandler
                0x08003c08       0x10 build/stm32f4xx_it.o
                0x08003c08                I2C1_ER_IRQHandler
 .text.EXTI4_IRQHandler
                0x08003c18        0xa build/stm32f4xx_it.o
                0x08003c18                EXTI4_IRQHandler
 *fill*         0x08003c22        0x2 
 .text.SPI1_IRQHandler
                0x08003c24       0x10 build/stm32f4xx_it.o
                0x08003c24                SPI1_IRQHandler
 .text.HAL_MspInit
                0x08003c34       0x40 build/stm32f4xx_hal_msp.o
                0x08003c34                HAL_MspInit
 .text.UART_EndRxTransfer
                0x08003c74       0x5c build/stm32f4xx_hal_uart.o
 .text.UART_Transmit_IT
                0x08003cd0       0x5e build/stm32f4xx_hal_uart.o
 *fill*         0x08003d2e        0x2 
 .text.UART_SetConfig
                0x08003d30      0x110 build/stm32f4xx_hal_uart.o
 .text.UART_WaitOnFlagUntilTimeout
                0x08003e40       0x84 build/stm32f4xx_hal_uart.o
 .text.HAL_UART_Init
                0x08003ec4       0x60 build/stm32f4xx_hal_uart.o
                0x08003ec4                HAL_UART_Init
 .text.HAL_UART_Transmit
                0x08003f24       0xcc build/stm32f4xx_hal_uart.o
                0x08003f24                HAL_UART_Transmit
 .text.HAL_UART_Receive
                0x08003ff0       0xd2 build/stm32f4xx_hal_uart.o
                0x08003ff0                HAL_UART_Receive
 .text.HAL_UART_TxCpltCallback
                0x080040c2        0x2 build/stm32f4xx_hal_uart.o
                0x080040c2                HAL_UART_TxCpltCallback
 .text.UART_EndTransmit_IT
                0x080040c4       0x1a build/stm32f4xx_hal_uart.o
 .text.HAL_UART_ErrorCallback
                0x080040de        0x2 build/stm32f4xx_hal_uart.o
                0x080040de                HAL_UART_ErrorCallback
 .text.UART_DMAAbortOnError
                0x080040e0        0xe build/stm32f4xx_hal_uart.o
 .text.HAL_UARTEx_RxEventCallback
                0x080040ee        0x2 build/stm32f4xx_hal_uart.o
                0x080040ee                HAL_UARTEx_RxEventCallback
 .text.UART_Receive_IT
                0x080040f0       0xe0 build/stm32f4xx_hal_uart.o
 .text.HAL_UART_IRQHandler
                0x080041d0      0x29c build/stm32f4xx_hal_uart.o
                0x080041d0                HAL_UART_IRQHandler
 .text.UART_Start_Receive_IT
                0x0800446c       0x36 build/stm32f4xx_hal_uart.o
                0x0800446c                UART_Start_Receive_IT
 .text.HAL_UART_Receive_IT
                0x080044a2       0x24 build/stm32f4xx_hal_uart.o
                0x080044a2                HAL_UART_Receive_IT
 *fill*         0x080044c6        0x2 
 .text.SPI_AbortRx_ISR
                0x080044c8       0x68 build/stm32f4xx_hal_spi.o
 .text.SPI_AbortTx_ISR
                0x08004530       0x1c build/stm32f4xx_hal_spi.o
 .text.SPI_WaitFlagStateUntilTimeout
                0x0800454c       0xc8 build/stm32f4xx_hal_spi.o
 .text.SPI_EndRxTxTransaction
                0x08004614       0x80 build/stm32f4xx_hal_spi.o
 .text.SPI_EndRxTransaction
                0x08004694       0x8c build/stm32f4xx_hal_spi.o
 .text.HAL_SPI_MspInit
                0x08004720        0x2 build/stm32f4xx_hal_spi.o
                0x08004720                HAL_SPI_MspInit
 .text.HAL_SPI_Init
                0x08004722       0xbe build/stm32f4xx_hal_spi.o
                0x08004722                HAL_SPI_Init
 .text.HAL_SPI_Transmit
                0x080047e0      0x1c4 build/stm32f4xx_hal_spi.o
                0x080047e0                HAL_SPI_Transmit
 .text.HAL_SPI_TransmitReceive
                0x080049a4      0x264 build/stm32f4xx_hal_spi.o
                0x080049a4                HAL_SPI_TransmitReceive
 .text.HAL_SPI_Receive
                0x08004c08      0x184 build/stm32f4xx_hal_spi.o
                0x08004c08                HAL_SPI_Receive
 .text.HAL_SPI_TransmitReceive_IT
                0x08004d8c       0xd4 build/stm32f4xx_hal_spi.o
                0x08004d8c                HAL_SPI_TransmitReceive_IT
 .text.HAL_SPI_Abort
                0x08004e60      0x140 build/stm32f4xx_hal_spi.o
                0x08004e60                HAL_SPI_Abort
 .text.HAL_SPI_RxCpltCallback
                0x08004fa0        0x2 build/stm32f4xx_hal_spi.o
                0x08004fa0                HAL_SPI_RxCpltCallback
 *fill*         0x08004fa2        0x2 
 .text.SPI_CloseRxTx_ISR
                0x08004fa4       0xac build/stm32f4xx_hal_spi.o
 .text.SPI_2linesTxISR_8BIT
                0x08005050       0x38 build/stm32f4xx_hal_spi.o
 .text.SPI_2linesRxISR_8BIT
                0x08005088       0x38 build/stm32f4xx_hal_spi.o
 .text.SPI_2linesTxISR_16BIT
                0x080050c0       0x38 build/stm32f4xx_hal_spi.o
 .text.SPI_2linesRxISR_16BIT
                0x080050f8       0x38 build/stm32f4xx_hal_spi.o
 .text.HAL_SPI_IRQHandler
                0x08005130      0x12c build/stm32f4xx_hal_spi.o
                0x08005130                HAL_SPI_IRQHandler
 .text.SPI_DMAAbortOnError
                0x0800525c       0x10 build/stm32f4xx_hal_spi.o
 .text.HAL_SPI_AbortCpltCallback
                0x0800526c        0x2 build/stm32f4xx_hal_spi.o
                0x0800526c                HAL_SPI_AbortCpltCallback
 *fill*         0x0800526e        0x2 
 .text.HAL_SPI_Abort_IT
                0x08005270      0x164 build/stm32f4xx_hal_spi.o
                0x08005270                HAL_SPI_Abort_IT
 .text.SPI_DMARxAbortCallback
                0x080053d4       0x76 build/stm32f4xx_hal_spi.o
 *fill*         0x0800544a        0x2 
 .text.SPI_DMATxAbortCallback
                0x0800544c       0x8c build/stm32f4xx_hal_spi.o
 .text.I2C_Flush_DR
                0x080054d8       0x10 build/stm32f4xx_hal_i2c.o
 .text.I2C_Master_SB
                0x080054e8       0xa4 build/stm32f4xx_hal_i2c.o
 .text.I2C_Master_ADD10
                0x0800558c       0x2a build/stm32f4xx_hal_i2c.o
 .text.I2C_Master_ADDR
                0x080055b6      0x202 build/stm32f4xx_hal_i2c.o
 .text.I2C_SlaveTransmit_BTF
                0x080057b8       0x20 build/stm32f4xx_hal_i2c.o
 .text.I2C_SlaveReceive_BTF
                0x080057d8       0x20 build/stm32f4xx_hal_i2c.o
 .text.I2C_WaitOnSTOPRequestThroughIT
                0x080057f8       0x48 build/stm32f4xx_hal_i2c.o
 .text.I2C_IsAcknowledgeFailed
                0x08005840       0x32 build/stm32f4xx_hal_i2c.o
 .text.I2C_ConvertOtherXferOptions
                0x08005872       0x1e build/stm32f4xx_hal_i2c.o
 .text.I2C_WaitOnFlagUntilTimeout
                0x08005890       0xaa build/stm32f4xx_hal_i2c.o
 .text.I2C_WaitOnMasterAddressFlagUntilTimeout
                0x0800593a       0xd4 build/stm32f4xx_hal_i2c.o
 *fill*         0x08005a0e        0x2 
 .text.I2C_MasterRequestWrite
                0x08005a10       0xb4 build/stm32f4xx_hal_i2c.o
 .text.I2C_MasterRequestRead
                0x08005ac4      0x120 build/stm32f4xx_hal_i2c.o
 .text.I2C_WaitOnTXEFlagUntilTimeout
                0x08005be4       0x5e build/stm32f4xx_hal_i2c.o
 *fill*         0x08005c42        0x2 
 .text.I2C_RequestMemoryRead
                0x08005c44      0x144 build/stm32f4xx_hal_i2c.o
 .text.I2C_WaitOnBTFFlagUntilTimeout
                0x08005d88       0x5e build/stm32f4xx_hal_i2c.o
 .text.I2C_WaitOnRXNEFlagUntilTimeout
                0x08005de6       0x78 build/stm32f4xx_hal_i2c.o
 .text.HAL_I2C_MspInit
                0x08005e5e        0x2 build/stm32f4xx_hal_i2c.o
                0x08005e5e                HAL_I2C_MspInit
 .text.HAL_I2C_Init
                0x08005e60      0x1d8 build/stm32f4xx_hal_i2c.o
                0x08005e60                HAL_I2C_Init
 .text.HAL_I2C_MspDeInit
                0x08006038        0x2 build/stm32f4xx_hal_i2c.o
                0x08006038                HAL_I2C_MspDeInit
 .text.HAL_I2C_DeInit
                0x0800603a       0x32 build/stm32f4xx_hal_i2c.o
                0x0800603a                HAL_I2C_DeInit
 .text.HAL_I2C_Master_Transmit
                0x0800606c      0x180 build/stm32f4xx_hal_i2c.o
                0x0800606c                HAL_I2C_Master_Transmit
 .text.HAL_I2C_Master_Receive
                0x080061ec      0x30c build/stm32f4xx_hal_i2c.o
                0x080061ec                HAL_I2C_Master_Receive
 .text.HAL_I2C_Slave_Transmit
                0x080064f8      0x198 build/stm32f4xx_hal_i2c.o
                0x080064f8                HAL_I2C_Slave_Transmit
 .text.HAL_I2C_Mem_Read
                0x08006690      0x308 build/stm32f4xx_hal_i2c.o
                0x08006690                HAL_I2C_Mem_Read
 .text.HAL_I2C_IsDeviceReady
                0x08006998      0x188 build/stm32f4xx_hal_i2c.o
                0x08006998                HAL_I2C_IsDeviceReady
 .text.HAL_I2C_Slave_Seq_Transmit_IT
                0x08006b20       0xa4 build/stm32f4xx_hal_i2c.o
                0x08006b20                HAL_I2C_Slave_Seq_Transmit_IT
 .text.HAL_I2C_Slave_Seq_Receive_IT
                0x08006bc4       0xa4 build/stm32f4xx_hal_i2c.o
                0x08006bc4                HAL_I2C_Slave_Seq_Receive_IT
 .text.HAL_I2C_EnableListen_IT
                0x08006c68       0x3c build/stm32f4xx_hal_i2c.o
                0x08006c68                HAL_I2C_EnableListen_IT
 .text.HAL_I2C_MasterTxCpltCallback
                0x08006ca4        0x2 build/stm32f4xx_hal_i2c.o
                0x08006ca4                HAL_I2C_MasterTxCpltCallback
 .text.HAL_I2C_MasterRxCpltCallback
                0x08006ca6        0x2 build/stm32f4xx_hal_i2c.o
                0x08006ca6                HAL_I2C_MasterRxCpltCallback
 .text.I2C_SlaveTransmit_TXE
                0x08006ca8       0x4c build/stm32f4xx_hal_i2c.o
 .text.I2C_SlaveReceive_RXNE
                0x08006cf4       0x4c build/stm32f4xx_hal_i2c.o
 .text.I2C_Slave_ADDR
                0x08006d40       0x58 build/stm32f4xx_hal_i2c.o
 .text.I2C_Slave_AF
                0x08006d98       0xa0 build/stm32f4xx_hal_i2c.o
 .text.HAL_I2C_MemTxCpltCallback
                0x08006e38        0x2 build/stm32f4xx_hal_i2c.o
                0x08006e38                HAL_I2C_MemTxCpltCallback
 .text.I2C_MasterTransmit_BTF
                0x08006e3a       0x9a build/stm32f4xx_hal_i2c.o
 .text.I2C_MemoryTransmit_TXE_BTF
                0x08006ed4       0xc4 build/stm32f4xx_hal_i2c.o
 .text.I2C_MasterTransmit_TXE
                0x08006f98       0xd4 build/stm32f4xx_hal_i2c.o
 .text.HAL_I2C_MemRxCpltCallback
                0x0800706c        0x2 build/stm32f4xx_hal_i2c.o
                0x0800706c                HAL_I2C_MemRxCpltCallback
 .text.I2C_MasterReceive_BTF
                0x0800706e      0x134 build/stm32f4xx_hal_i2c.o
 .text.I2C_MasterReceive_RXNE
                0x080071a2      0x102 build/stm32f4xx_hal_i2c.o
 .text.HAL_I2C_AbortCpltCallback
                0x080072a4        0x2 build/stm32f4xx_hal_i2c.o
                0x080072a4                HAL_I2C_AbortCpltCallback
 *fill*         0x080072a6        0x2 
 .text.I2C_DMAAbort
                0x080072a8       0xe0 build/stm32f4xx_hal_i2c.o
 .text.I2C_ITError
                0x08007388      0x184 build/stm32f4xx_hal_i2c.o
 .text.I2C_Slave_STOPF
                0x0800750c      0x188 build/stm32f4xx_hal_i2c.o
 .text.HAL_I2C_EV_IRQHandler
                0x08007694      0x1b0 build/stm32f4xx_hal_i2c.o
                0x08007694                HAL_I2C_EV_IRQHandler
 .text.HAL_I2C_ER_IRQHandler
                0x08007844       0xc2 build/stm32f4xx_hal_i2c.o
                0x08007844                HAL_I2C_ER_IRQHandler
 .text.HAL_I2CEx_ConfigAnalogFilter
                0x08007906       0x42 build/stm32f4xx_hal_i2c_ex.o
                0x08007906                HAL_I2CEx_ConfigAnalogFilter
 .text.HAL_I2CEx_ConfigDigitalFilter
                0x08007948       0x40 build/stm32f4xx_hal_i2c_ex.o
                0x08007948                HAL_I2CEx_ConfigDigitalFilter
 .text.HAL_RCC_OscConfig
                0x08007988      0x3fc build/stm32f4xx_hal_rcc.o
                0x08007988                HAL_RCC_OscConfig
 .text.HAL_RCC_GetSysClockFreq
                0x08007d84       0xdc build/stm32f4xx_hal_rcc.o
                0x08007d84                HAL_RCC_GetSysClockFreq
 .text.HAL_RCC_ClockConfig
                0x08007e60      0x160 build/stm32f4xx_hal_rcc.o
                0x08007e60                HAL_RCC_ClockConfig
 .text.HAL_RCC_GetHCLKFreq
                0x08007fc0        0xc build/stm32f4xx_hal_rcc.o
                0x08007fc0                HAL_RCC_GetHCLKFreq
 .text.HAL_RCC_GetPCLK1Freq
                0x08007fcc       0x20 build/stm32f4xx_hal_rcc.o
                0x08007fcc                HAL_RCC_GetPCLK1Freq
 .text.HAL_RCC_GetPCLK2Freq
                0x08007fec       0x20 build/stm32f4xx_hal_rcc.o
                0x08007fec                HAL_RCC_GetPCLK2Freq
 .text.HAL_GPIO_Init
                0x0800800c      0x1e0 build/stm32f4xx_hal_gpio.o
                0x0800800c                HAL_GPIO_Init
 .text.HAL_GPIO_ReadPin
                0x080081ec        0xe build/stm32f4xx_hal_gpio.o
                0x080081ec                HAL_GPIO_ReadPin
 .text.HAL_GPIO_WritePin
                0x080081fa        0xc build/stm32f4xx_hal_gpio.o
                0x080081fa                HAL_GPIO_WritePin
 .text.HAL_GPIO_TogglePin
                0x08008206       0x12 build/stm32f4xx_hal_gpio.o
                0x08008206                HAL_GPIO_TogglePin
 .text.HAL_GPIO_EXTI_IRQHandler
                0x08008218       0x1c build/stm32f4xx_hal_gpio.o
                0x08008218                HAL_GPIO_EXTI_IRQHandler
 .text.HAL_DMA_Abort
                0x08008234       0x94 build/stm32f4xx_hal_dma.o
                0x08008234                HAL_DMA_Abort
 .text.HAL_DMA_Abort_IT
                0x080082c8       0x24 build/stm32f4xx_hal_dma.o
                0x080082c8                HAL_DMA_Abort_IT
 .text.HAL_DMA_GetState
                0x080082ec        0x6 build/stm32f4xx_hal_dma.o
                0x080082ec                HAL_DMA_GetState
 *fill*         0x080082f2        0x2 
 .text.__NVIC_EnableIRQ
                0x080082f4       0x1c build/stm32f4xx_hal_cortex.o
 .text.__NVIC_SetPriority
                0x08008310       0x28 build/stm32f4xx_hal_cortex.o
 .text.NVIC_EncodePriority
                0x08008338       0x46 build/stm32f4xx_hal_cortex.o
 *fill*         0x0800837e        0x2 
 .text.HAL_NVIC_SetPriorityGrouping
                0x08008380       0x24 build/stm32f4xx_hal_cortex.o
                0x08008380                HAL_NVIC_SetPriorityGrouping
 .text.HAL_NVIC_SetPriority
                0x080083a4       0x20 build/stm32f4xx_hal_cortex.o
                0x080083a4                HAL_NVIC_SetPriority
 .text.HAL_NVIC_EnableIRQ
                0x080083c4        0x8 build/stm32f4xx_hal_cortex.o
                0x080083c4                HAL_NVIC_EnableIRQ
 .text.HAL_SYSTICK_Config
                0x080083cc       0x28 build/stm32f4xx_hal_cortex.o
                0x080083cc                HAL_SYSTICK_Config
 .text.HAL_InitTick
                0x080083f4       0x4c build/stm32f4xx_hal.o
                0x080083f4                HAL_InitTick
 .text.HAL_Init
                0x08008440       0x34 build/stm32f4xx_hal.o
                0x08008440                HAL_Init
 .text.HAL_IncTick
                0x08008474       0x18 build/stm32f4xx_hal.o
                0x08008474                HAL_IncTick
 .text.HAL_GetTick
                0x0800848c        0xc build/stm32f4xx_hal.o
                0x0800848c                HAL_GetTick
 .text.HAL_Delay
                0x08008498       0x28 build/stm32f4xx_hal.o
                0x08008498                HAL_Delay
 .text.SystemInit
                0x080084c0       0x14 build/system_stm32f4xx.o
                0x080084c0                SystemInit
 .text._sbrk    0x080084d4       0x4c build/sysmem.o
                0x080084d4                _sbrk
 .text._getpid  0x08008520        0x4 build/syscalls.o
                0x08008520                _getpid
 .text._kill    0x08008524       0x10 build/syscalls.o
                0x08008524                _kill
 .text._exit    0x08008534        0xc build/syscalls.o
                0x08008534                _exit
 .text._read    0x08008540       0x20 build/syscalls.o
                0x08008540                _read
 .text._write   0x08008560       0x1c build/syscalls.o
                0x08008560                _write
 .text._close   0x0800857c        0x6 build/syscalls.o
                0x0800857c                _close
 .text._fstat   0x08008582        0xa build/syscalls.o
                0x08008582                _fstat
 .text._isatty  0x0800858c        0x4 build/syscalls.o
                0x0800858c                _isatty
 .text._lseek   0x08008590        0x4 build/syscalls.o
                0x08008590                _lseek
 .text.Reset_Handler
                0x08008594       0x50 build/startup_stm32f411xe.o
                0x08008594                Reset_Handler
 .text.Default_Handler
                0x080085e4        0x2 build/startup_stm32f411xe.o
                0x080085e4                RTC_Alarm_IRQHandler
                0x080085e4                EXTI2_IRQHandler
                0x080085e4                SPI4_IRQHandler
                0x080085e4                TIM1_CC_IRQHandler
                0x080085e4                DMA2_Stream5_IRQHandler
                0x080085e4                DMA1_Stream5_IRQHandler
                0x080085e4                PVD_IRQHandler
                0x080085e4                SDIO_IRQHandler
                0x080085e4                TAMP_STAMP_IRQHandler
                0x080085e4                EXTI3_IRQHandler
                0x080085e4                TIM1_UP_TIM10_IRQHandler
                0x080085e4                I2C3_ER_IRQHandler
                0x080085e4                EXTI0_IRQHandler
                0x080085e4                I2C2_EV_IRQHandler
                0x080085e4                DMA1_Stream2_IRQHandler
                0x080085e4                FPU_IRQHandler
                0x080085e4                DMA2_Stream2_IRQHandler
                0x080085e4                TIM1_BRK_TIM9_IRQHandler
                0x080085e4                DMA2_Stream3_IRQHandler
                0x080085e4                DMA2_Stream0_IRQHandler
                0x080085e4                TIM4_IRQHandler
                0x080085e4                DMA1_Stream6_IRQHandler
                0x080085e4                DMA1_Stream1_IRQHandler
                0x080085e4                TIM3_IRQHandler
                0x080085e4                RCC_IRQHandler
                0x080085e4                Default_Handler
                0x080085e4                EXTI15_10_IRQHandler
                0x080085e4                ADC_IRQHandler
                0x080085e4                DMA1_Stream7_IRQHandler
                0x080085e4                SPI5_IRQHandler
                0x080085e4                TIM5_IRQHandler
                0x080085e4                DMA2_Stream7_IRQHandler
                0x080085e4                I2C3_EV_IRQHandler
                0x080085e4                EXTI9_5_IRQHandler
                0x080085e4                RTC_WKUP_IRQHandler
                0x080085e4                SPI2_IRQHandler
                0x080085e4                DMA1_Stream0_IRQHandler
                0x080085e4                WWDG_IRQHandler
                0x080085e4                TIM2_IRQHandler
                0x080085e4                OTG_FS_WKUP_IRQHandler
                0x080085e4                TIM1_TRG_COM_TIM11_IRQHandler
                0x080085e4                EXTI1_IRQHandler
                0x080085e4                I2C2_ER_IRQHandler
                0x080085e4                DMA2_Stream1_IRQHandler
                0x080085e4                FLASH_IRQHandler
                0x080085e4                DMA2_Stream4_IRQHandler
                0x080085e4                OTG_FS_IRQHandler
                0x080085e4                SPI3_IRQHandler
                0x080085e4                DMA1_Stream4_IRQHandler
                0x080085e4                DMA2_Stream6_IRQHandler
                0x080085e4                DMA1_Stream3_IRQHandler
 .text.atoi     0x080085e6        0x8 /usr/lib/gcc/arm-none-eabi/15.2.0/../../../../arm-none-eabi/lib/thumb/v7e-m+fp/hard/libc_nano.a(libc_a-atoi.o)
                0x080085e6                atoi
 *fill*         0x080085ee        0x2 
 .text._strtol_l.isra.0
                0x080085f0       0xf4 /usr/lib/gcc/arm-none-eabi/15.2.0/../../../../arm-none-eabi/lib/thumb/v7e-m+fp/hard/libc_nano.a(libc_a-strtol.o)
 .text.strtol   0x080086e4       0x14 /usr/lib/gcc/arm-none-eabi/15.2.0/../../../../arm-none-eabi/lib/thumb/v7e-m+fp/hard/libc_nano.a(libc_a-strtol.o)
                0x080086e4                strtol
 .text._strtoul_l.isra.0
                0x080086f8       0xdc /usr/lib/gcc/arm-none-eabi/15.2.0/../../../../arm-none-eabi/lib/thumb/v7e-m+fp/hard/libc_nano.a(libc_a-strtoul.o)
 .text.strtoul  0x080087d4       0x14 /usr/lib/gcc/arm-none-eabi/15.2.0/../../../../arm-none-eabi/lib/thumb/v7e-m+fp/hard/libc_nano.a(libc_a-strtoul.o)
                0x080087d4                strtoul
 .text.std      0x080087e8       0x6c /usr/lib/gcc/arm-none-eabi/15.2.0/../../../../arm-none-eabi/lib/thumb/v7e-m+fp/hard/libc_nano.a(libc_a-findfp.o)
 .text.stdio_exit_handler
                0x08008854       0x18 /usr/lib/gcc/arm-none-eabi/15.2.0/../../../../arm-none-eabi/lib/thumb/v7e-m+fp/hard/libc_nano.a(libc_a-findfp.o)
 .text.cleanup_stdio
                0x0800886c       0x40 /usr/lib/gcc/arm-none-eabi/15.2.0/../../../../arm-none-eabi/lib/thumb/v7e-m+fp/hard/libc_nano.a(libc_a-findfp.o)
 .text.global_stdio_init.part.0
                0x080088ac       0x40 /usr/lib/gcc/arm-none-eabi/15.2.0/../../../../arm-none-eabi/lib/thumb/v7e-m+fp/hard/libc_nano.a(libc_a-findfp.o)
 .text.__sfp_lock_acquire
                0x080088ec        0xc /usr/lib/gcc/arm-none-eabi/15.2.0/../../../../arm-none-eabi/lib/thumb/v7e-m+fp/hard/libc_nano.a(libc_a-findfp.o)
                0x080088ec                __sfp_lock_acquire
 .text.__sfp_lock_release
                0x080088f8        0xc /usr/lib/gcc/arm-none-eabi/15.2.0/../../../../arm-none-eabi/lib/thumb/v7e-m+fp/hard/libc_nano.a(libc_a-findfp.o)
                0x080088f8                __sfp_lock_release
 .text.__sinit  0x08008904       0x30 /usr/lib/gcc/arm-none-eabi/15.2.0/../../../../arm-none-eabi/lib/thumb/v7e-m+fp/hard/libc_nano.a(libc_a-findfp.o)
                0x08008904                __sinit
 .text._fwalk_sglue
                0x08008934       0x3a /usr/lib/gcc/arm-none-eabi/15.2.0/../../../../arm-none-eabi/lib/thumb/v7e-m+fp/hard/libc_nano.a(libc_a-fwalk.o)
                0x08008934                _fwalk_sglue
 *fill*         0x0800896e        0x2 
 .text.snprintf
                0x08008970       0x64 /usr/lib/gcc/arm-none-eabi/15.2.0/../../../../arm-none-eabi/lib/thumb/v7e-m+fp/hard/libc_nano.a(libc_a-snprintf.o)
                0x08008970                snprintf
                0x08008970                sniprintf
 .text.__sread  0x080089d4       0x22 /usr/lib/gcc/arm-none-eabi/15.2.0/../../../../arm-none-eabi/lib/thumb/v7e-m+fp/hard/libc_nano.a(libc_a-stdio.o)
                0x080089d4                __sread
 .text.__swrite
                0x080089f6       0x38 /usr/lib/gcc/arm-none-eabi/15.2.0/../../../../arm-none-eabi/lib/thumb/v7e-m+fp/hard/libc_nano.a(libc_a-stdio.o)
                0x080089f6                __swrite
 .text.__sseek  0x08008a2e       0x26 /usr/lib/gcc/arm-none-eabi/15.2.0/../../../../arm-none-eabi/lib/thumb/v7e-m+fp/hard/libc_nano.a(libc_a-stdio.o)
                0x08008a2e                __sseek
 .text.__sclose
                0x08008a54        0x8 /usr/lib/gcc/arm-none-eabi/15.2.0/../../../../arm-none-eabi/lib/thumb/v7e-m+fp/hard/libc_nano.a(libc_a-stdio.o)
                0x08008a54                __sclose
 .text._vsnprintf_r
                0x08008a5c       0x50 /usr/lib/gcc/arm-none-eabi/15.2.0/../../../../arm-none-eabi/lib/thumb/v7e-m+fp/hard/libc_nano.a(libc_a-vsnprintf.o)
                0x08008a5c                _vsnprintf_r
                0x08008a5c                _vsniprintf_r
 .text.vsnprintf
                0x08008aac       0x1c /usr/lib/gcc/arm-none-eabi/15.2.0/../../../../arm-none-eabi/lib/thumb/v7e-m+fp/hard/libc_nano.a(libc_a-vsnprintf.o)
                0x08008aac                vsnprintf
                0x08008aac                vsniprintf
 .text.memcmp   0x08008ac8       0x20 /usr/lib/gcc/arm-none-eabi/15.2.0/../../../../arm-none-eabi/lib/thumb/v7e-m+fp/hard/libc_nano.a(libc_a-memcmp.o)
                0x08008ac8                memcmp
 .text.memset   0x08008ae8       0x10 /usr/lib/gcc/arm-none-eabi/15.2.0/../../../../arm-none-eabi/lib/thumb/v7e-m+fp/hard/libc_nano.a(libc_a-memset.o)
                0x08008ae8                memset
 .text.strcasecmp
                0x08008af8       0x3c /usr/lib/gcc/arm-none-eabi/15.2.0/../../../../arm-none-eabi/lib/thumb/v7e-m+fp/hard/libc_nano.a(libc_a-strcasecmp.o)
                0x08008af8                strcasecmp
 .text.strcat   0x08008b34       0x1e /usr/lib/gcc/arm-none-eabi/15.2.0/../../../../arm-none-eabi/lib/thumb/v7e-m+fp/hard/libc_nano.a(libc_a-strcat.o)
                0x08008b34                strcat
 .text.strncpy  0x08008b52       0x26 /usr/lib/gcc/arm-none-eabi/15.2.0/../../../../arm-none-eabi/lib/thumb/v7e-m+fp/hard/libc_nano.a(libc_a-strncpy.o)
                0x08008b52                strncpy
 .text.strtok   0x08008b78       0x7c /usr/lib/gcc/arm-none-eabi/15.2.0/../../../../arm-none-eabi/lib/thumb/v7e-m+fp/hard/libc_nano.a(libc_a-strtok.o)
                0x08008b78                strtok
 .text.__strtok_r
                0x08008bf4       0x50 /usr/lib/gcc/arm-none-eabi/15.2.0/../../../../arm-none-eabi/lib/thumb/v7e-m+fp/hard/libc_nano.a(libc_a-strtok_r.o)
                0x08008bf4                __strtok_r
 .text._close_r
                0x08008c44       0x20 /usr/lib/gcc/arm-none-eabi/15.2.0/../../../../arm-none-eabi/lib/thumb/v7e-m+fp/hard/libc_nano.a(libc_a-closer.o)
                0x08008c44                _close_r
 .text._lseek_r
                0x08008c64       0x24 /usr/lib/gcc/arm-none-eabi/15.2.0/../../../../arm-none-eabi/lib/thumb/v7e-m+fp/hard/libc_nano.a(libc_a-lseekr.o)
                0x08008c64                _lseek_r
 .text._read_r  0x08008c88       0x24 /usr/lib/gcc/arm-none-eabi/15.2.0/../../../../arm-none-eabi/lib/thumb/v7e-m+fp/hard/libc_nano.a(libc_a-readr.o)
                0x08008c88                _read_r
 .text._write_r
                0x08008cac       0x24 /usr/lib/gcc/arm-none-eabi/15.2.0/../../../../arm-none-eabi/lib/thumb/v7e-m+fp/hard/libc_nano.a(libc_a-writer.o)
                0x08008cac                _write_r
 .text.__errno  0x08008cd0        0xc /usr/lib/gcc/arm-none-eabi/15.2.0/../../../../arm-none-eabi/lib/thumb/v7e-m+fp/hard/libc_nano.a(libc_a-errno.o)
                0x08008cd0                __errno
 .text.__libc_init_array
                0x08008cdc       0x48 /usr/lib/gcc/arm-none-eabi/15.2.0/../../../../arm-none-eabi/lib/thumb/v7e-m+fp/hard/libc_nano.a(libc_a-init.o)
                0x08008cdc                __libc_init_array
 .text.__retarget_lock_init_recursive
                0x08008d24        0x2 /usr/lib/gcc/arm-none-eabi/15.2.0/../../../../arm-none-eabi/lib/thumb/v7e-m+fp/hard/libc_nano.a(libc_a-lock.o)
                0x08008d24                __retarget_lock_init_recursive
 .text.__retarget_lock_acquire_recursive
                0x08008d26        0x2 /usr/lib/gcc/arm-none-eabi/15.2.0/../../../../arm-none-eabi/lib/thumb/v7e-m+fp/hard/libc_nano.a(libc_a-lock.o)
                0x08008d26                __retarget_lock_acquire_recursive
 .text.__retarget_lock_release_recursive
                0x08008d28        0x2 /usr/lib/gcc/arm-none-eabi/15.2.0/../../../../arm-none-eabi/lib/thumb/v7e-m+fp/hard/libc_nano.a(libc_a-lock.o)
                0x08008d28                __retarget_lock_release_recursive
 *fill*         0x08008d2a        0x2 
 .text.__assert_func
                0x08008d2c       0x3c /usr/lib/gcc/arm-none-eabi/15.2.0/../../../../arm-none-eabi/lib/thumb/v7e-m+fp/hard/libc_nano.a(libc_a-assert.o)
                0x08008d2c                __assert_func
 .text._free_r  0x08008d68       0x98 /usr/lib/gcc/arm-none-eabi/15.2.0/../../../../arm-none-eabi/lib/thumb/v7e-m+fp/hard/libc_nano.a(libc_a-freer.o)
                0x08008d68                _free_r
 .text.malloc   0x08008e00       0x10 /usr/lib/gcc/arm-none-eabi/15.2.0/../../../../arm-none-eabi/lib/thumb/v7e-m+fp/hard/libc_nano.a(libc_a-malloc.o)
                0x08008e00                malloc
 .text.sbrk_aligned
                0x08008e10       0x44 /usr/lib/gcc/arm-none-eabi/15.2.0/../../../../arm-none-eabi/lib/thumb/v7e-m+fp/hard/libc_nano.a(libc_a-mallocr.o)
 .text._malloc_r
                0x08008e54       0xf8 /usr/lib/gcc/arm-none-eabi/15.2.0/../../../../arm-none-eabi/lib/thumb/v7e-m+fp/hard/libc_nano.a(libc_a-mallocr.o)
                0x08008e54                _malloc_r
 .text.__malloc_lock
                0x08008f4c        0xc /usr/lib/gcc/arm-none-eabi/15.2.0/../../../../arm-none-eabi/lib/thumb/v7e-m+fp/hard/libc_nano.a(libc_a-mlock.o)
                0x08008f4c                __malloc_lock
 .text.__malloc_unlock
                0x08008f58        0xc /usr/lib/gcc/arm-none-eabi/15.2.0/../../../../arm-none-eabi/lib/thumb/v7e-m+fp/hard/libc_nano.a(libc_a-mlock.o)
                0x08008f58                __malloc_unlock
 .text.__ssputs_r
                0x08008f64       0xc0 /usr/lib/gcc/arm-none-eabi/15.2.0/../../../../arm-none-eabi/lib/thumb/v7e-m+fp/hard/libc_nano.a(libc_a-nano-svfprintf.o)
                0x08008f64                __ssputs_r
 .text._svfprintf_r
                0x08009024      0x1e4 /usr/lib/gcc/arm-none-eabi/15.2.0/../../../../arm-none-eabi/lib/thumb/v7e-m+fp/hard/libc_nano.a(libc_a-nano-svfprintf.o)
                0x08009024                _svfprintf_r
                0x08009024                _svfiprintf_r
 .text._printf_common
                0x08009208       0xea /usr/lib/gcc/arm-none-eabi/15.2.0/../../../../arm-none-eabi/lib/thumb/v7e-m+fp/hard/libc_nano.a(libc_a-nano-vfprintf_i.o)
                0x08009208                _printf_common
 *fill*         0x080092f2        0x2 
 .text._printf_i
                0x080092f4      0x254 /usr/lib/gcc/arm-none-eabi/15.2.0/../../../../arm-none-eabi/lib/thumb/v7e-m+fp/hard/libc_nano.a(libc_a-nano-vfprintf_i.o)
                0x080092f4                _printf_i
 .text.__sflush_r
                0x08009548      0x100 /usr/lib/gcc/arm-none-eabi/15.2.0/../../../../arm-none-eabi/lib/thumb/v7e-m+fp/hard/libc_nano.a(libc_a-fflush.o)
                0x08009548                __sflush_r
 .text._fflush_r
                0x08009648       0x50 /usr/lib/gcc/arm-none-eabi/15.2.0/../../../../arm-none-eabi/lib/thumb/v7e-m+fp/hard/libc_nano.a(libc_a-fflush.o)
                0x08009648                _fflush_r
 .text.fprintf  0x08009698       0x24 /usr/lib/gcc/arm-none-eabi/15.2.0/../../../../arm-none-eabi/lib/thumb/v7e-m+fp/hard/libc_nano.a(libc_a-fprintf.o)
                0x08009698                fprintf
                0x08009698                fiprintf
 .text.memmove  0x080096bc       0x32 /usr/lib/gcc/arm-none-eabi/15.2.0/../../../../arm-none-eabi/lib/thumb/v7e-m+fp/hard/libc_nano.a(libc_a-memmove.o)
                0x080096bc                memmove
 *fill*         0x080096ee        0x2 
 .text._sbrk_r  0x080096f0       0x20 /usr/lib/gcc/arm-none-eabi/15.2.0/../../../../arm-none-eabi/lib/thumb/v7e-m+fp/hard/libc_nano.a(libc_a-sbrkr.o)
                0x080096f0                _sbrk_r
 .text.memcpy   0x08009710       0x1c /usr/lib/gcc/arm-none-eabi/15.2.0/../../../../arm-none-eabi/lib/thumb/v7e-m+fp/hard/libc_nano.a(libc_a-memcpy-stub.o)
                0x08009710                memcpy
 .text.abort    0x0800972c        0xe /usr/lib/gcc/arm-none-eabi/15.2.0/../../../../arm-none-eabi/lib/thumb/v7e-m+fp/hard/libc_nano.a(libc_a-abort.o)
                0x0800972c                abort
 .text._realloc_r
                0x0800973a       0x5c /usr/lib/gcc/arm-none-eabi/15.2.0/../../../../arm-none-eabi/lib/thumb/v7e-m+fp/hard/libc_nano.a(libc_a-reallocr.o)
                0x0800973a                _realloc_r
 .text.__sfputc_r
                0x08009796       0x2a /usr/lib/gcc/arm-none-eabi/15.2.0/../../../../arm-none-eabi/lib/thumb/v7e-m+fp/hard/libc_nano.a(libc_a-nano-vfprintf.o)
 .text.__sfputs_r
                0x080097c0       0x24 /usr/lib/gcc/arm-none-eabi/15.2.0/../../../../arm-none-eabi/lib/thumb/v7e-m+fp/hard/libc_nano.a(libc_a-nano-vfprintf.o)
                0x080097c0                __sfputs_r
 .text._vfprintf_r
                0x080097e4      0x21c /usr/lib/gcc/arm-none-eabi/15.2.0/../../../../arm-none-eabi/lib/thumb/v7e-m+fp/hard/libc_nano.a(libc_a-nano-vfprintf.o)
                0x080097e4                _vfiprintf_r
                0x080097e4                _vfprintf_r
 .text.__swbuf_r
                0x08009a00       0x7a /usr/lib/gcc/arm-none-eabi/15.2.0/../../../../arm-none-eabi/lib/thumb/v7e-m+fp/hard/libc_nano.a(libc_a-wbuf.o)
                0x08009a00                __swbuf_r
 *fill*         0x08009a7a        0x2 
 .text.__swsetup_r
                0x08009a7c       0xa8 /usr/lib/gcc/arm-none-eabi/15.2.0/../../../../arm-none-eabi/lib/thumb/v7e-m+fp/hard/libc_nano.a(libc_a-wsetup.o)
                0x08009a7c                __swsetup_r
 .text._raise_r
                0x08009b24       0x50 /usr/lib/gcc/arm-none-eabi/15.2.0/../../../../arm-none-eabi/lib/thumb/v7e-m+fp/hard/libc_nano.a(libc_a-signal.o)
                0x08009b24                _raise_r
 .text.raise    0x08009b74       0x10 /usr/lib/gcc/arm-none-eabi/15.2.0/../../../../arm-none-eabi/lib/thumb/v7e-m+fp/hard/libc_nano.a(libc_a-signal.o)
                0x08009b74                raise
 .text._kill_r  0x08009b84       0x24 /usr/lib/gcc/arm-none-eabi/15.2.0/../../../../arm-none-eabi/lib/thumb/v7e-m+fp/hard/libc_nano.a(libc_a-signalr.o)
                0x08009b84                _kill_r
 .text._getpid_r
                0x08009ba8        0x4 /usr/lib/gcc/arm-none-eabi/15.2.0/../../../../arm-none-eabi/lib/thumb/v7e-m+fp/hard/libc_nano.a(libc_a-signalr.o)
                0x08009ba8                _getpid_r
 .text._malloc_usable_size_r
                0x08009bac       0x10 /usr/lib/gcc/arm-none-eabi/15.2.0/../../../../arm-none-eabi/lib/thumb/v7e-m+fp/hard/libc_nano.a(libc_a-msizer.o)
                0x08009bac                _malloc_usable_size_r
 .text.__swhatbuf_r
                0x08009bbc       0x48 /usr/lib/gcc/arm-none-eabi/15.2.0/../../../../arm-none-eabi/lib/thumb/v7e-m+fp/hard/libc_nano.a(libc_a-makebuf.o)
                0x08009bbc                __swhatbuf_r
 .text.__smakebuf_r
                0x08009c04       0x72 /usr/lib/gcc/arm-none-eabi/15.2.0/../../../../arm-none-eabi/lib/thumb/v7e-m+fp/hard/libc_nano.a(libc_a-makebuf.o)
                0x08009c04                __smakebuf_r
 *fill*         0x08009c76        0x2 
 .text._fstat_r
                0x08009c78       0x24 /usr/lib/gcc/arm-none-eabi/15.2.0/../../../../arm-none-eabi/lib/thumb/v7e-m+fp/hard/libc_nano.a(libc_a-fstatr.o)
                0x08009c78                _fstat_r
 .text._isatty_r
                0x08009c9c       0x20 /usr/lib/gcc/arm-none-eabi/15.2.0/../../../../arm-none-eabi/lib/thumb/v7e-m+fp/hard/libc_nano.a(libc_a-isattyr.o)
                0x08009c9c                _isatty_r
 *(.glue_7)
 .glue_7        0x08009cbc        0x0 linker stubs
 *(.glue_7t)
 .glue_7t       0x08009cbc        0x0 linker stubs
 *(.eh_frame)
 .eh_frame      0x08009cbc        0x0 /usr/lib/gcc/arm-none-eabi/15.2.0/thumb/v7e-m+fp/hard/crtbegin.o
 *(.init)
 .init          0x08009cbc        0x4 /usr/lib/gcc/arm-none-eabi/15.2.0/thumb/v7e-m+fp/hard/crti.o
                0x08009cbc                _init
 .init          0x08009cc0        0x8 /usr/lib/gcc/arm-none-eabi/15.2.0/thumb/v7e-m+fp/hard/crtn.o
 *(.fini)
 .fini          0x08009cc8        0x4 /usr/lib/gcc/arm-none-eabi/15.2.0/thumb/v7e-m+fp/hard/crti.o
                0x08009cc8                _fini
 .fini          0x08009ccc        0x8 /usr/lib/gcc/arm-none-eabi/15.2.0/thumb/v7e-m+fp/hard/crtn.o
                0x08009cd4                        . = ALIGN (0x4)
                0x08009cd4                        _etext = .

.vfp11_veneer   0x08009cd4        0x0
 .vfp11_veneer  0x08009cd4        0x0 linker stubs

.v4_bx          0x08009cd4        0x0
 .v4_bx         0x08009cd4        0x0 linker stubs

.iplt           0x08009cd4        0x0
 .iplt          0x08009cd4        0x0 /usr/lib/gcc/arm-none-eabi/15.2.0/thumb/v7e-m+fp/hard/crtbegin.o

.rodata         0x08009cd4     0x2508
                0x08009cd4                        . = ALIGN (0x4)
 *(.rodata)
 .rodata        0x08009cd4       0x90 build/mimic.o
 *(.rodata*)
 .rodata.Mimic_GetUARTHandle.str1.4
                0x08009d64     0x2257 build/mimic.o
                                 0x26 (size before relaxing)
 .rodata.Mimic_GetSPIHandle.str1.4
                0x0800bfbb        0x0 build/mimic.o
                                 0x36 (size before relaxing)
 .rodata.Mimic_Init.str1.4
                0x0800bfbb        0x0 build/mimic.o
                                 0x21 (size before relaxing)
 .rodata.Mimic_ParseCommand.str1.4
                0x0800bfbb        0x0 build/mimic.o
                                  0x3 (size before relaxing)
 .rodata.Mimic_CMD_PIN_STATUS.str1.4
                0x0800bfbb        0x0 build/mimic.o
                                 0xb3 (size before relaxing)
 .rodata.Mimic_CMD_PIN_SET_OUT.str1.4
                0x0800bfbb        0x0 build/mimic.o
                                 0x3a (size before relaxing)
 .rodata.Mimic_CMD_PIN_SET_IN.str1.4
                0x0800bfbb        0x0 build/mimic.o
                                 0x55 (size before relaxing)
 .rodata.Mimic_CMD_PIN_HIGH.str1.4
                0x0800bfbb        0x0 build/mimic.o
                                 0x28 (size before relaxing)
 .rodata.Mimic_CMD_PIN_LOW.str1.4
                0x0800bfbb        0x0 build/mimic.o
                                 0x27 (size before relaxing)
 .rodata.Mimic_CMD_PIN_READ.str1.4
                0x0800bfbb        0x0 build/mimic.o
                                 0x22 (size before relaxing)
 .rodata.Mimic_CMD_PIN_TOGGLE.str1.4
                0x0800bfbb        0x0 build/mimic.o
                                 0x33 (size before relaxing)
 .rodata.Mimic_CMD_PIN_MODE.str1.4
                0x0800bfbb        0x0 build/mimic.o
                                 0x7c (size before relaxing)
 .rodata.Mimic_CMD_UART_INIT.str1.4
                0x0800bfbb        0x0 build/mimic.o
                                0x123 (size before relaxing)
 .rodata.Mimic_CMD_UART_RS485.str1.4
                0x0800bfbb        0x0 build/mimic.o
                                 0xac (size before relaxing)
 .rodata.Mimic_CMD_UART_SEND.str1.4
                0x0800bfbb        0x0 build/mimic.o
                                 0x85 (size before relaxing)
 .rodata.Mimic_CMD_UART_RECV.str1.4
                0x0800bfbb        0x0 build/mimic.o
                                0x174 (size before relaxing)
 .rodata.Mimic_CMD_UART_STATUS.str1.4
                0x0800bfbb        0x0 build/mimic.o
                                 0x6f (size before relaxing)
 .rodata.Mimic_CMD_UART_TEST.str1.4
                0x0800bfbb        0x0 build/mimic.o
                                0x165 (size before relaxing)
 .rodata.Mimic_CMD_SPI_INIT.str1.4
                0x0800bfbb        0x0 build/mimic.o
                                0x2a9 (size before relaxing)
 .rodata.Mimic_CMD_SPI_SEND.str1.4
                0x0800bfbb        0x0 build/mimic.o
                                0x11c (size before relaxing)
 .rodata.Mimic_CMD_SPI_RECV.str1.4
                0x0800bfbb        0x0 build/mimic.o
                                 0x80 (size before relaxing)
 .rodata.Mimic_CMD_SPI_TRANSFER.str1.4
                0x0800bfbb        0x0 build/mimic.o
                                 0xd5 (size before relaxing)
 .rodata.Mimic_CMD_SPI_CS.str1.4
                0x0800bfbb        0x0 build/mimic.o
                                 0xdf (size before relaxing)
 .rodata.Mimic_CMD_SPI_STATUS.str1.4
                0x0800bfbb        0x0 build/mimic.o
                                 0xbc (size before relaxing)
 .rodata.Mimic_CMD_I2C_INIT.str1.4
                0x0800bfbb        0x0 build/mimic.o
                                0x1a6 (size before relaxing)
 .rodata.Mimic_CMD_I2C_SCAN.str1.4
                0x0800bfbb        0x0 build/mimic.o
                                 0xb7 (size before relaxing)
 .rodata.Mimic_CMD_I2C_WRITE.str1.4
                0x0800bfbb        0x0 build/mimic.o
                                 0xf3 (size before relaxing)
 .rodata.Mimic_CMD_I2C_READ.str1.4
                0x0800bfbb        0x0 build/mimic.o
                                 0xba (size before relaxing)
 .rodata.Mimic_CMD_I2C_REG_SET.str1.4
                0x0800bfbb        0x0 build/mimic.o
                                 0x3f (size before relaxing)
 .rodata.Mimic_CMD_I2C_REG_DATA.str1.4
                0x0800bfbb        0x0 build/mimic.o
                                 0x55 (size before relaxing)
 .rodata.Mimic_CMD_I2C_WRITE_READ.str1.4
                0x0800bfbb        0x0 build/mimic.o
                                 0xc4 (size before relaxing)
 .rodata.Mimic_CMD_I2C_STATUS.str1.4
                0x0800bfbb        0x0 build/mimic.o
                                 0x96 (size before relaxing)
 .rodata.Mimic_CMD_HELP.str1.4
                0x0800bfbb        0x0 build/mimic.o
                                0x7f6 (size before relaxing)
 .rodata.Mimic_CMD_VERSION.str1.4
                0x0800bfbb        0x0 build/mimic.o
                                 0x6b (size before relaxing)
 .rodata.Mimic_CMD_STATUS.str1.4
                0x0800bfbb        0x0 build/mimic.o
                                 0x9d (size before relaxing)
 .rodata.Mimic_CMD_RESET.str1.4
                0x0800bfbb        0x0 build/mimic.o
                                  0xf (size before relaxing)
 .rodata.Mimic_CMD_UART_POLL.str1.4
                0x0800bfbb        0x0 build/mimic.o
                                0x128 (size before relaxing)
 .rodata.Mimic_ProcessCommand.str1.4
                0x0800bfbb        0x0 build/mimic.o
                                0x202 (size before relaxing)
 .rodata.Mimic_Process.str1.4
                0x0800bfbb        0x0 build/mimic.o
                                  0x7 (size before relaxing)
 .rodata.str1.4
                0x0800bfbb        0x0 build/mimic.o
                                 0xd7 (size before relaxing)
 *fill*         0x0800bfbb        0x1 
 .rodata.spi_cs_pins
                0x0800bfbc       0x28 build/mimic.o
 .rodata.port_map
                0x0800bfe4       0x28 build/mimic.o
 .rodata.APBPrescTable
                0x0800c00c        0x8 build/system_stm32f4xx.o
                0x0800c00c                APBPrescTable
 .rodata.AHBPrescTable
                0x0800c014       0x10 build/system_stm32f4xx.o
                0x0800c014                AHBPrescTable
 .rodata._ctype_
                0x0800c024      0x101 /usr/lib/gcc/arm-none-eabi/15.2.0/../../../../arm-none-eabi/lib/thumb/v7e-m+fp/hard/libc_nano.a(libc_a-ctype_.o)
                0x0800c024                _ctype_
 .rodata.strtok.str1.1
                0x0800c125       0xb4 /usr/lib/gcc/arm-none-eabi/15.2.0/../../../../arm-none-eabi/lib/thumb/v7e-m+fp/hard/libc_nano.a(libc_a-strtok.o)
                                 0x45 (size before relaxing)
 .rodata.__assert_func.str1.1
                0x0800c1d9        0x0 /usr/lib/gcc/arm-none-eabi/15.2.0/../../../../arm-none-eabi/lib/thumb/v7e-m+fp/hard/libc_nano.a(libc_a-assert.o)
                                 0x3d (size before relaxing)
 .rodata._svfprintf_r.str1.1
                0x0800c1d9        0x0 /usr/lib/gcc/arm-none-eabi/15.2.0/../../../../arm-none-eabi/lib/thumb/v7e-m+fp/hard/libc_nano.a(libc_a-nano-svfprintf.o)
                                 0x11 (size before relaxing)
 .rodata._printf_i.str1.1
                0x0800c1d9        0x0 /usr/lib/gcc/arm-none-eabi/15.2.0/../../../../arm-none-eabi/lib/thumb/v7e-m+fp/hard/libc_nano.a(libc_a-nano-vfprintf_i.o)
                                 0x22 (size before relaxing)
 .rodata._vfprintf_r.str1.1
                0x0800c1d9        0x0 /usr/lib/gcc/arm-none-eabi/15.2.0/../../../../arm-none-eabi/lib/thumb/v7e-m+fp/hard/libc_nano.a(libc_a-nano-vfprintf.o)
                                 0x11 (size before relaxing)
                0x0800c1dc                        . = ALIGN (0x4)
 *fill*         0x0800c1d9        0x3 

.ARM.extab      0x0800c1dc        0x0
                0x0800c1dc                        . = ALIGN (0x4)
 *(.ARM.extab* .gnu.linkonce.armextab.*)
                0x0800c1dc                        . = ALIGN (0x4)

.ARM            0x0800c1dc        0x8
                0x0800c1dc                        . = ALIGN (0x4)
                0x0800c1dc                        __exidx_start = .
 *(.ARM.exidx*)
 .ARM.exidx     0x0800c1dc        0x8 /usr/lib/gcc/arm-none-eabi/15.2.0/../../../../arm-none-eabi/lib/thumb/v7e-m+fp/hard/libc_nano.a(libc_a-strcmp.o)
 .ARM.exidx     0x0800c1e4        0x0 /usr/lib/gcc/arm-none-eabi/15.2.0/../../../../arm-none-eabi/lib/thumb/v7e-m+fp/hard/libc_nano.a(libc_a-strlen.o)
                                  0x8 (size before relaxing)
 .ARM.exidx     0x0800c1e4        0x0 /usr/lib/gcc/arm-none-eabi/15.2.0/../../../../arm-none-eabi/lib/thumb/v7e-m+fp/hard/libc_nano.a(libc_a-memchr.o)
                                  0x8 (size before relaxing)
 .ARM.exidx     0x0800c1e4        0x0 /usr/lib/gcc/arm-none-eabi/15.2.0/thumb/v7e-m+fp/hard/libgcc.a(_udivmoddi4.o)
                                  0x8 (size before relaxing)
                0x0800c1e4                        __exidx_end = .
                0x0800c1e4                        . = ALIGN (0x4)

.preinit_array  0x0800c1e4        0x0
                0x0800c1e4                        . = ALIGN (0x4)
                0x0800c1e4                        PROVIDE (__preinit_array_start = .)
 *(.preinit_array*)
                0x0800c1e4                        PROVIDE (__preinit_array_end = .)
                0x0800c1e4                        . = ALIGN (0x4)

.init_array     0x0800c1e4        0x4
                0x0800c1e4                        . = ALIGN (0x4)
                0x0800c1e4                        PROVIDE (__init_array_start = .)
 *(SORT_BY_NAME(.init_array.*))
 *(.init_array*)
 .init_array    0x0800c1e4        0x4 /usr/lib/gcc/arm-none-eabi/15.2.0/thumb/v7e-m+fp/hard/crtbegin.o
                0x0800c1e8                        PROVIDE (__init_array_end = .)
                0x0800c1e8                        . = ALIGN (0x4)

.fini_array     0x0800c1e8        0x4
                0x0800c1e8                        . = ALIGN (0x4)
                0x0800c1e8                        PROVIDE (__fini_array_start = .)
 *(SORT_BY_NAME(.fini_array.*))
 *(.fini_array*)
 .fini_array    0x0800c1e8        0x4 /usr/lib/gcc/arm-none-eabi/15.2.0/thumb/v7e-m+fp/hard/crtbegin.o
                0x0800c1ec                        PROVIDE (__fini_array_end = .)
                0x0800c1ec                        . = ALIGN (0x4)
                0x0800c1ec                        _sidata = LOADADDR (.data)

.rel.dyn        0x0800c1ec        0x0
 .rel.iplt      0x0800c1ec        0x0 /usr/lib/gcc/arm-none-eabi/15.2.0/thumb/v7e-m+fp/hard/crtbegin.o

.data           0x20000000       0x68 load address 0x0800c1ec
                0x20000000                        . = ALIGN (0x4)
                0x20000000                        _sdata = .
 *(.data)
 *(.data*)
 .data.uwTickFreq
                0x20000000        0x1 build/stm32f4xx_hal.o
                0x20000000                uwTickFreq
 *fill*         0x20000001        0x3 
 .data.uwTickPrio
                0x20000004        0x4 build/stm32f4xx_hal.o
                0x20000004                uwTickPrio
 .data.SystemCoreClock
                0x20000008        0x4 build/system_stm32f4xx.o
                0x20000008                SystemCoreClock
 .data.__sglue  0x2000000c        0xc /usr/lib/gcc/arm-none-eabi/15.2.0/../../../../arm-none-eabi/lib/thumb/v7e-m+fp/hard/libc_nano.a(libc_a-findfp.o)
                0x2000000c                __sglue
 .data._impure_ptr
                0x20000018        0x4 /usr/lib/gcc/arm-none-eabi/15.2.0/../../../../arm-none-eabi/lib/thumb/v7e-m+fp/hard/libc_nano.a(libc_a-impure.o)
                0x20000018                _impure_ptr
 .data._impure_data
                0x2000001c       0x4c /usr/lib/gcc/arm-none-eabi/15.2.0/../../../../arm-none-eabi/lib/thumb/v7e-m+fp/hard/libc_nano.a(libc_a-impure.o)
                0x2000001c                _impure_data
 *(.RamFunc)
 *(.RamFunc*)
                0x20000068                        . = ALIGN (0x4)
                0x20000068                        _edata = .

.tm_clone_table
                0x20000068        0x0 load address 0x0800c254
 .tm_clone_table
                0x20000068        0x0 /usr/lib/gcc/arm-none-eabi/15.2.0/thumb/v7e-m+fp/hard/crtbegin.o
 .tm_clone_table
                0x20000068        0x0 /usr/lib/gcc/arm-none-eabi/15.2.0/thumb/v7e-m+fp/hard/crtend.o

.igot.plt       0x20000068        0x0 load address 0x0800c254
 .igot.plt      0x20000068        0x0 /usr/lib/gcc/arm-none-eabi/15.2.0/thumb/v7e-m+fp/hard/crtbegin.o
                0x20000068                        . = ALIGN (0x4)

.bss            0x20000068      0x7f0 load address 0x0800c254
                0x20000068                        _sbss = .
                0x20000068                        __bss_start__ = _sbss
 *(.bss)
 .bss           0x20000068       0x1c /usr/lib/gcc/arm-none-eabi/15.2.0/thumb/v7e-m+fp/hard/crtbegin.o
 *(.bss*)
 .bss.huart6    0x20000084       0x48 build/usart.o
                0x20000084                huart6
 .bss.huart2    0x200000cc       0x48 build/usart.o
                0x200000cc                huart2
 .bss.huart1    0x20000114       0x48 build/usart.o
                0x20000114                huart1
 .bss.i2c_first_byte_received
                0x2000015c        0x1 build/mimic.o
 .bss.spi_active
                0x2000015d        0x1 build/mimic.o
                0x2000015d                spi_active
 .bss.spi_state
                0x2000015e        0x1 build/mimic.o
                0x2000015e                spi_state
 *fill*         0x2000015f        0x1 
 .bss.spi_rx_buf
                0x20000160        0x2 build/mimic.o
 *fill*         0x20000162        0x2 
 .bss.spi_tx_buf
                0x20000164        0x2 build/mimic.o
 .bss.current_reg_addr
                0x20000166        0x1 build/mimic.o
 *fill*         0x20000167        0x1 
 .bss.i2c_register_map
                0x20000168      0x100 build/mimic.o
 .bss.i2c_slave_rx_buffer
                0x20000268       0x40 build/mimic.o
 .bss.i2c_states
                0x200002a8        0x3 build/mimic.o
 *fill*         0x200002ab        0x1 
 .bss.hi2c3     0x200002ac       0x54 build/mimic.o
                0x200002ac                hi2c3
 .bss.hi2c2     0x20000300       0x54 build/mimic.o
                0x20000300                hi2c2
 .bss.hi2c1     0x20000354       0x54 build/mimic.o
                0x20000354                hi2c1
 .bss.hspi5     0x200003a8       0x58 build/mimic.o
                0x200003a8                hspi5
 .bss.hspi4     0x20000400       0x58 build/mimic.o
                0x20000400                hspi4
 .bss.hspi3     0x20000458       0x58 build/mimic.o
                0x20000458                hspi3
 .bss.hspi2     0x200004b0       0x58 build/mimic.o
                0x200004b0                hspi2
 .bss.hspi1     0x20000508       0x58 build/mimic.o
                0x20000508                hspi1
 .bss.uart_rs485_config
                0x20000560       0x18 build/mimic.o
 .bss.rx_tail   0x20000578        0x2 build/mimic.o
 .bss.rx_head   0x2000057a        0x2 build/mimic.o
 .bss.rx_buffer
                0x2000057c      0x100 build/mimic.o
 .bss.rx_byte   0x2000067c        0x1 build/mimic.o
 *fill*         0x2000067d        0x3 
 .bss.mimic_state
                0x20000680       0x82 build/mimic.o
                0x20000680                mimic_state
 *fill*         0x20000702        0x2 
 .bss.uwTick    0x20000704        0x4 build/stm32f4xx_hal.o
                0x20000704                uwTick
 .bss.__sbrk_heap_end
                0x20000708        0x4 build/sysmem.o
 .bss.__sf      0x2000070c      0x138 /usr/lib/gcc/arm-none-eabi/15.2.0/../../../../arm-none-eabi/lib/thumb/v7e-m+fp/hard/libc_nano.a(libc_a-findfp.o)
                0x2000070c                __sf
 .bss.__stdio_exit_handler
                0x20000844        0x4 /usr/lib/gcc/arm-none-eabi/15.2.0/../../../../arm-none-eabi/lib/thumb/v7e-m+fp/hard/libc_nano.a(libc_a-findfp.o)
                0x20000844                __stdio_exit_handler
 .bss.errno     0x20000848        0x4 /usr/lib/gcc/arm-none-eabi/15.2.0/../../../../arm-none-eabi/lib/thumb/v7e-m+fp/hard/libc_nano.a(libc_a-reent.o)
                0x20000848                errno
 .bss.__lock___malloc_recursive_mutex
                0x2000084c        0x1 /usr/lib/gcc/arm-none-eabi/15.2.0/../../../../arm-none-eabi/lib/thumb/v7e-m+fp/hard/libc_nano.a(libc_a-lock.o)
                0x2000084c                __lock___malloc_recursive_mutex
 .bss.__lock___sfp_recursive_mutex
                0x2000084d        0x1 /usr/lib/gcc/arm-none-eabi/15.2.0/../../../../arm-none-eabi/lib/thumb/v7e-m+fp/hard/libc_nano.a(libc_a-lock.o)
                0x2000084d                __lock___sfp_recursive_mutex
 *fill*         0x2000084e        0x2 
 .bss.__malloc_sbrk_start
                0x20000850        0x4 /usr/lib/gcc/arm-none-eabi/15.2.0/../../../../arm-none-eabi/lib/thumb/v7e-m+fp/hard/libc_nano.a(libc_a-mallocr.o)
                0x20000850                __malloc_sbrk_start
 .bss.__malloc_free_list
                0x20000854        0x4 /usr/lib/gcc/arm-none-eabi/15.2.0/../../../../arm-none-eabi/lib/thumb/v7e-m+fp/hard/libc_nano.a(libc_a-mallocr.o)
                0x20000854                __malloc_free_list
 *(COMMON)
                0x20000858                        . = ALIGN (0x4)
                0x20000858                        _ebss = .
                0x20000858                        __bss_end__ = _ebss

._user_heap_stack
                0x20000858      0x600 load address 0x0800c254
                0x20000858                        . = ALIGN (0x8)
                [!provide]                        PROVIDE (end = .)
                0x20000858                        PROVIDE (_end = .)
                0x20000a58                        . = (. + _Min_Heap_Size)
 *fill*         0x20000858      0x200 
                0x20000e58                        . = (. + _Min_Stack_Size)
 *fill*         0x20000a58      0x400 
                0x20000e58                        . = ALIGN (0x8)

/DISCARD/
 libc.a(*)
 libm.a(*)
 libgcc.a(*)
OUTPUT(build/Mimic.elf elf32-littlearm)
LOAD linker stubs
LOAD /usr/lib/gcc/arm-none-eabi/15.2.0/../../../../arm-none-eabi/lib/thumb/v7e-m+fp/hard/libc.a
LOAD /usr/lib/gcc/arm-none-eabi/15.2.0/../../../../arm-none-eabi/lib/thumb/v7e-m+fp/hard/libm.a
LOAD /usr/lib/gcc/arm-none-eabi/15.2.0/thumb/v7e-m+fp/hard/libgcc.a

.ARM.attributes
                0x00000000       0x30
 .ARM.attributes
                0x00000000       0x22 /usr/lib/gcc/arm-none-eabi/15.2.0/thumb/v7e-m+fp/hard/crti.o
 .ARM.attributes
                0x00000022       0x34 /usr/lib/gcc/arm-none-eabi/15.2.0/thumb/v7e-m+fp/hard/crtbegin.o
 .ARM.attributes
                0x00000056       0x34 build/main.o
 .ARM.attributes
                0x0000008a       0x34 build/gpio.o
 .ARM.attributes
                0x000000be       0x34 build/usart.o
 .ARM.attributes
                0x000000f2       0x34 build/mimic.o
 .ARM.attributes
                0x00000126       0x34 build/stm32f4xx_it.o
 .ARM.attributes
                0x0000015a       0x34 build/stm32f4xx_hal_msp.o
 .ARM.attributes
                0x0000018e       0x34 build/stm32f4xx_hal_uart.o
 .ARM.attributes
                0x000001c2       0x34 build/stm32f4xx_hal_spi.o
 .ARM.attributes
                0x000001f6       0x34 build/stm32f4xx_hal_i2c.o
 .ARM.attributes
                0x0000022a       0x34 build/stm32f4xx_hal_i2c_ex.o
 .ARM.attributes
                0x0000025e       0x34 build/stm32f4xx_hal_rcc.o
 .ARM.attributes
                0x00000292       0x34 build/stm32f4xx_hal_gpio.o
 .ARM.attributes
                0x000002c6       0x34 build/stm32f4xx_hal_dma.o
 .ARM.attributes
                0x000002fa       0x34 build/stm32f4xx_hal_cortex.o
 .ARM.attributes
                0x0000032e       0x34 build/stm32f4xx_hal.o
 .ARM.attributes
                0x00000362       0x34 build/system_stm32f4xx.o
 .ARM.attributes
                0x00000396       0x34 build/sysmem.o
 .ARM.attributes
                0x000003ca       0x34 build/syscalls.o
 .ARM.attributes
                0x000003fe       0x21 build/startup_stm32f411xe.o
 .ARM.attributes
                0x0000041f       0x34 /usr/lib/gcc/arm-none-eabi/15.2.0/../../../../arm-none-eabi/lib/thumb/v7e-m+fp/hard/libc_nano.a(libc_a-atoi.o)
 .ARM.attributes
                0x00000453       0x34 /usr/lib/gcc/arm-none-eabi/15.2.0/../../../../arm-none-eabi/lib/thumb/v7e-m+fp/hard/libc_nano.a(libc_a-strtol.o)
 .ARM.attributes
                0x00000487       0x34 /usr/lib/gcc/arm-none-eabi/15.2.0/../../../../arm-none-eabi/lib/thumb/v7e-m+fp/hard/libc_nano.a(libc_a-strtoul.o)
 .ARM.attributes
                0x000004bb       0x34 /usr/lib/gcc/arm-none-eabi/15.2.0/../../../../arm-none-eabi/lib/thumb/v7e-m+fp/hard/libc_nano.a(libc_a-ctype_.o)
 .ARM.attributes
                0x000004ef       0x34 /usr/lib/gcc/arm-none-eabi/15.2.0/../../../../arm-none-eabi/lib/thumb/v7e-m+fp/hard/libc_nano.a(libc_a-findfp.o)
 .ARM.attributes
                0x00000523       0x34 /usr/lib/gcc/arm-none-eabi/15.2.0/../../../../arm-none-eabi/lib/thumb/v7e-m+fp/hard/libc_nano.a(libc_a-fwalk.o)
 .ARM.attributes
                0x00000557       0x34 /usr/lib/gcc/arm-none-eabi/15.2.0/../../../../arm-none-eabi/lib/thumb/v7e-m+fp/hard/libc_nano.a(libc_a-snprintf.o)
 .ARM.attributes
                0x0000058b       0x34 /usr/lib/gcc/arm-none-eabi/15.2.0/../../../../arm-none-eabi/lib/thumb/v7e-m+fp/hard/libc_nano.a(libc_a-stdio.o)
 .ARM.attributes
                0x000005bf       0x34 /usr/lib/gcc/arm-none-eabi/15.2.0/../../../../arm-none-eabi/lib/thumb/v7e-m+fp/hard/libc_nano.a(libc_a-vsnprintf.o)
 .ARM.attributes
                0x000005f3       0x34 /usr/lib/gcc/arm-none-eabi/15.2.0/../../../../arm-none-eabi/lib/thumb/v7e-m+fp/hard/libc_nano.a(libc_a-memcmp.o)
 .ARM.attributes
                0x00000627       0x34 /usr/lib/gcc/arm-none-eabi/15.2.0/../../../../arm-none-eabi/lib/thumb/v7e-m+fp/hard/libc_nano.a(libc_a-memset.o)
 .ARM.attributes
                0x0000065b       0x34 /usr/lib/gcc/arm-none-eabi/15.2.0/../../../../arm-none-eabi/lib/thumb/v7e-m+fp/hard/libc_nano.a(libc_a-strcasecmp.o)
 .ARM.attributes
                0x0000068f       0x34 /usr/lib/gcc/arm-none-eabi/15.2.0/../../../../arm-none-eabi/lib/thumb/v7e-m+fp/hard/libc_nano.a(libc_a-strcat.o)
 .ARM.attributes
                0x000006c3       0x34 /usr/lib/gcc/arm-none-eabi/15.2.0/../../../../arm-none-eabi/lib/thumb/v7e-m+fp/hard/libc_nano.a(libc_a-strncpy.o)
 .ARM.attributes
                0x000006f7       0x34 /usr/lib/gcc/arm-none-eabi/15.2.0/../../../../arm-none-eabi/lib/thumb/v7e-m+fp/hard/libc_nano.a(libc_a-strtok.o)
 .ARM.attributes
                0x0000072b       0x34 /usr/lib/gcc/arm-none-eabi/15.2.0/../../../../arm-none-eabi/lib/thumb/v7e-m+fp/hard/libc_nano.a(libc_a-strtok_r.o)
 .ARM.attributes
                0x0000075f       0x34 /usr/lib/gcc/arm-none-eabi/15.2.0/../../../../arm-none-eabi/lib/thumb/v7e-m+fp/hard/libc_nano.a(libc_a-closer.o)
 .ARM.attributes
                0x00000793       0x34 /usr/lib/gcc/arm-none-eabi/15.2.0/../../../../arm-none-eabi/lib/thumb/v7e-m+fp/hard/libc_nano.a(libc_a-reent.o)
 .ARM.attributes
                0x000007c7       0x34 /usr/lib/gcc/arm-none-eabi/15.2.0/../../../../arm-none-eabi/lib/thumb/v7e-m+fp/hard/libc_nano.a(libc_a-impure.o)
 .ARM.attributes
                0x000007fb       0x34 /usr/lib/gcc/arm-none-eabi/15.2.0/../../../../arm-none-eabi/lib/thumb/v7e-m+fp/hard/libc_nano.a(libc_a-lseekr.o)
 .ARM.attributes
                0x0000082f       0x34 /usr/lib/gcc/arm-none-eabi/15.2.0/../../../../arm-none-eabi/lib/thumb/v7e-m+fp/hard/libc_nano.a(libc_a-readr.o)
 .ARM.attributes
                0x00000863       0x34 /usr/lib/gcc/arm-none-eabi/15.2.0/../../../../arm-none-eabi/lib/thumb/v7e-m+fp/hard/libc_nano.a(libc_a-writer.o)
 .ARM.attributes
                0x00000897       0x34 /usr/lib/gcc/arm-none-eabi/15.2.0/../../../../arm-none-eabi/lib/thumb/v7e-m+fp/hard/libc_nano.a(libc_a-errno.o)
 .ARM.attributes
                0x000008cb       0x34 /usr/lib/gcc/arm-none-eabi/15.2.0/../../../../arm-none-eabi/lib/thumb/v7e-m+fp/hard/libc_nano.a(libc_a-init.o)
 .ARM.attributes
                0x000008ff       0x34 /usr/lib/gcc/arm-none-eabi/15.2.0/../../../../arm-none-eabi/lib/thumb/v7e-m+fp/hard/libc_nano.a(libc_a-lock.o)
 .ARM.attributes
                0x00000933       0x20 /usr/lib/gcc/arm-none-eabi/15.2.0/../../../../arm-none-eabi/lib/thumb/v7e-m+fp/hard/libc_nano.a(libc_a-strcmp.o)
 .ARM.attributes
                0x00000953       0x17 /usr/lib/gcc/arm-none-eabi/15.2.0/../../../../arm-none-eabi/lib/thumb/v7e-m+fp/hard/libc_nano.a(libc_a-strlen.o)
 .ARM.attributes
                0x0000096a       0x34 /usr/lib/gcc/arm-none-eabi/15.2.0/../../../../arm-none-eabi/lib/thumb/v7e-m+fp/hard/libc_nano.a(libc_a-assert.o)
 .ARM.attributes
                0x0000099e       0x34 /usr/lib/gcc/arm-none-eabi/15.2.0/../../../../arm-none-eabi/lib/thumb/v7e-m+fp/hard/libc_nano.a(libc_a-freer.o)
 .ARM.attributes
                0x000009d2       0x34 /usr/lib/gcc/arm-none-eabi/15.2.0/../../../../arm-none-eabi/lib/thumb/v7e-m+fp/hard/libc_nano.a(libc_a-malloc.o)
 .ARM.attributes
                0x00000a06       0x34 /usr/lib/gcc/arm-none-eabi/15.2.0/../../../../arm-none-eabi/lib/thumb/v7e-m+fp/hard/libc_nano.a(libc_a-mallocr.o)
 .ARM.attributes
                0x00000a3a       0x34 /usr/lib/gcc/arm-none-eabi/15.2.0/../../../../arm-none-eabi/lib/thumb/v7e-m+fp/hard/libc_nano.a(libc_a-mlock.o)
 .ARM.attributes
                0x00000a6e       0x34 /usr/lib/gcc/arm-none-eabi/15.2.0/../../../../arm-none-eabi/lib/thumb/v7e-m+fp/hard/libc_nano.a(libc_a-nano-svfprintf.o)
 .ARM.attributes
                0x00000aa2       0x34 /usr/lib/gcc/arm-none-eabi/15.2.0/../../../../arm-none-eabi/lib/thumb/v7e-m+fp/hard/libc_nano.a(libc_a-nano-vfprintf_i.o)
 .ARM.attributes
                0x00000ad6       0x34 /usr/lib/gcc/arm-none-eabi/15.2.0/../../../../arm-none-eabi/lib/thumb/v7e-m+fp/hard/libc_nano.a(libc_a-fflush.o)
 .ARM.attributes
                0x00000b0a       0x34 /usr/lib/gcc/arm-none-eabi/15.2.0/../../../../arm-none-eabi/lib/thumb/v7e-m+fp/hard/libc_nano.a(libc_a-fprintf.o)
 .ARM.attributes
                0x00000b3e       0x34 /usr/lib/gcc/arm-none-eabi/15.2.0/../../../../arm-none-eabi/lib/thumb/v7e-m+fp/hard/libc_nano.a(libc_a-memmove.o)
 .ARM.attributes
                0x00000b72       0x34 /usr/lib/gcc/arm-none-eabi/15.2.0/../../../../arm-none-eabi/lib/thumb/v7e-m+fp/hard/libc_nano.a(libc_a-sbrkr.o)
 .ARM.attributes
                0x00000ba6       0x1c /usr/lib/gcc/arm-none-eabi/15.2.0/../../../../arm-none-eabi/lib/thumb/v7e-m+fp/hard/libc_nano.a(libc_a-memchr.o)
 .ARM.attributes
                0x00000bc2       0x34 /usr/lib/gcc/arm-none-eabi/15.2.0/../../../../arm-none-eabi/lib/thumb/v7e-m+fp/hard/libc_nano.a(libc_a-memcpy-stub.o)
 .ARM.attributes
                0x00000bf6       0x34 /usr/lib/gcc/arm-none-eabi/15.2.0/../../../../arm-none-eabi/lib/thumb/v7e-m+fp/hard/libc_nano.a(libc_a-abort.o)
 .ARM.attributes
                0x00000c2a       0x34 /usr/lib/gcc/arm-none-eabi/15.2.0/../../../../arm-none-eabi/lib/thumb/v7e-m+fp/hard/libc_nano.a(libc_a-reallocr.o)
 .ARM.attributes
                0x00000c5e       0x34 /usr/lib/gcc/arm-none-eabi/15.2.0/../../../../arm-none-eabi/lib/thumb/v7e-m+fp/hard/libc_nano.a(libc_a-nano-vfprintf.o)
 .ARM.attributes
                0x00000c92       0x34 /usr/lib/gcc/arm-none-eabi/15.2.0/../../../../arm-none-eabi/lib/thumb/v7e-m+fp/hard/libc_nano.a(libc_a-wbuf.o)
 .ARM.attributes
                0x00000cc6       0x34 /usr/lib/gcc/arm-none-eabi/15.2.0/../../../../arm-none-eabi/lib/thumb/v7e-m+fp/hard/libc_nano.a(libc_a-wsetup.o)
 .ARM.attributes
                0x00000cfa       0x34 /usr/lib/gcc/arm-none-eabi/15.2.0/../../../../arm-none-eabi/lib/thumb/v7e-m+fp/hard/libc_nano.a(libc_a-signal.o)
 .ARM.attributes
                0x00000d2e       0x34 /usr/lib/gcc/arm-none-eabi/15.2.0/../../../../arm-none-eabi/lib/thumb/v7e-m+fp/hard/libc_nano.a(libc_a-signalr.o)
 .ARM.attributes
                0x00000d62       0x34 /usr/lib/gcc/arm-none-eabi/15.2.0/../../../../arm-none-eabi/lib/thumb/v7e-m+fp/hard/libc_nano.a(libc_a-msizer.o)
 .ARM.attributes
                0x00000d96       0x34 /usr/lib/gcc/arm-none-eabi/15.2.0/../../../../arm-none-eabi/lib/thumb/v7e-m+fp/hard/libc_nano.a(libc_a-makebuf.o)
 .ARM.attributes
                0x00000dca       0x34 /usr/lib/gcc/arm-none-eabi/15.2.0/../../../../arm-none-eabi/lib/thumb/v7e-m+fp/hard/libc_nano.a(libc_a-fstatr.o)
 .ARM.attributes
                0x00000dfe       0x34 /usr/lib/gcc/arm-none-eabi/15.2.0/../../../../arm-none-eabi/lib/thumb/v7e-m+fp/hard/libc_nano.a(libc_a-isattyr.o)
 .ARM.attributes
                0x00000e32       0x22 /usr/lib/gcc/arm-none-eabi/15.2.0/thumb/v7e-m+fp/hard/libgcc.a(_aeabi_uldivmod.o)
 .ARM.attributes
                0x00000e54       0x34 /usr/lib/gcc/arm-none-eabi/15.2.0/thumb/v7e-m+fp/hard/libgcc.a(_udivmoddi4.o)
 .ARM.attributes
                0x00000e88       0x22 /usr/lib/gcc/arm-none-eabi/15.2.0/thumb/v7e-m+fp/hard/libgcc.a(_dvmd_tls.o)
 .ARM.attributes
                0x00000eaa       0x34 /usr/lib/gcc/arm-none-eabi/15.2.0/thumb/v7e-m+fp/hard/crtend.o
 .ARM.attributes
                0x00000ede       0x22 /usr/lib/gcc/arm-none-eabi/15.2.0/thumb/v7e-m+fp/hard/crtn.o

.comment        0x00000000       0x46
 .comment       0x00000000       0x46 /usr/lib/gcc/arm-none-eabi/15.2.0/thumb/v7e-m+fp/hard/crtbegin.o
                                 0x24 (size before relaxing)
 .comment       0x00000046        0x0 build/main.o
                                 0x24 (size before relaxing)
 .comment       0x00000046        0x0 build/gpio.o
                                 0x24 (size before relaxing)
 .comment       0x00000046        0x0 build/usart.o
                                 0x24 (size before relaxing)
 .comment       0x00000046        0x0 build/mimic.o
                                 0x24 (size before relaxing)
 .comment       0x00000046        0x0 build/stm32f4xx_it.o
                                 0x24 (size before relaxing)
 .comment       0x00000046        0x0 build/stm32f4xx_hal_msp.o
                                 0x24 (size before relaxing)
 .comment       0x00000046        0x0 build/stm32f4xx_hal_uart.o
                                 0x24 (size before relaxing)
 .comment       0x00000046        0x0 build/stm32f4xx_hal_spi.o
                                 0x24 (size before relaxing)
 .comment       0x00000046        0x0 build/stm32f4xx_hal_i2c.o
                                 0x24 (size before relaxing)
 .comment       0x00000046        0x0 build/stm32f4xx_hal_i2c_ex.o
                                 0x24 (size before relaxing)
 .comment       0x00000046        0x0 build/stm32f4xx_hal_rcc.o
                                 0x24 (size before relaxing)
 .comment       0x00000046        0x0 build/stm32f4xx_hal_gpio.o
                                 0x24 (size before relaxing)
 .comment       0x00000046        0x0 build/stm32f4xx_hal_dma.o
                                 0x24 (size before relaxing)
 .comment       0x00000046        0x0 build/stm32f4xx_hal_cortex.o
                                 0x24 (size before relaxing)
 .comment       0x00000046        0x0 build/stm32f4xx_hal.o
                                 0x24 (size before relaxing)
 .comment       0x00000046        0x0 build/system_stm32f4xx.o
                                 0x24 (size before relaxing)
 .comment       0x00000046        0x0 build/sysmem.o
                                 0x24 (size before relaxing)
 .comment       0x00000046        0x0 build/syscalls.o
                                 0x24 (size before relaxing)
 .comment       0x00000046        0x0 /usr/lib/gcc/arm-none-eabi/15.2.0/../../../../arm-none-eabi/lib/thumb/v7e-m+fp/hard/libc_nano.a(libc_a-atoi.o)
                                 0x24 (size before relaxing)
 .comment       0x00000046        0x0 /usr/lib/gcc/arm-none-eabi/15.2.0/../../../../arm-none-eabi/lib/thumb/v7e-m+fp/hard/libc_nano.a(libc_a-strtol.o)
                                 0x24 (size before relaxing)
 .comment       0x00000046        0x0 /usr/lib/gcc/arm-none-eabi/15.2.0/../../../../arm-none-eabi/lib/thumb/v7e-m+fp/hard/libc_nano.a(libc_a-strtoul.o)
                                 0x24 (size before relaxing)
 .comment       0x00000046        0x0 /usr/lib/gcc/arm-none-eabi/15.2.0/../../../../arm-none-eabi/lib/thumb/v7e-m+fp/hard/libc_nano.a(libc_a-ctype_.o)
                                 0x24 (size before relaxing)
 .comment       0x00000046        0x0 /usr/lib/gcc/arm-none-eabi/15.2.0/../../../../arm-none-eabi/lib/thumb/v7e-m+fp/hard/libc_nano.a(libc_a-findfp.o)
                                 0x24 (size before relaxing)
 .comment       0x00000046        0x0 /usr/lib/gcc/arm-none-eabi/15.2.0/../../../../arm-none-eabi/lib/thumb/v7e-m+fp/hard/libc_nano.a(libc_a-fwalk.o)
                                 0x24 (size before relaxing)
 .comment       0x00000046        0x0 /usr/lib/gcc/arm-none-eabi/15.2.0/../../../../arm-none-eabi/lib/thumb/v7e-m+fp/hard/libc_nano.a(libc_a-snprintf.o)
                                 0x24 (size before relaxing)
 .comment       0x00000046        0x0 /usr/lib/gcc/arm-none-eabi/15.2.0/../../../../arm-none-eabi/lib/thumb/v7e-m+fp/hard/libc_nano.a(libc_a-stdio.o)
                                 0x24 (size before relaxing)
 .comment       0x00000046        0x0 /usr/lib/gcc/arm-none-eabi/15.2.0/../../../../arm-none-eabi/lib/thumb/v7e-m+fp/hard/libc_nano.a(libc_a-vsnprintf.o)
                                 0x24 (size before relaxing)
 .comment       0x00000046        0x0 /usr/lib/gcc/arm-none-eabi/15.2.0/../../../../arm-none-eabi/lib/thumb/v7e-m+fp/hard/libc_nano.a(libc_a-memcmp.o)
                                 0x24 (size before relaxing)
 .comment       0x00000046        0x0 /usr/lib/gcc/arm-none-eabi/15.2.0/../../../../arm-none-eabi/lib/thumb/v7e-m+fp/hard/libc_nano.a(libc_a-memset.o)
                                 0x24 (size before relaxing)
 .comment       0x00000046        0x0 /usr/lib/gcc/arm-none-eabi/15.2.0/../../../../arm-none-eabi/lib/thumb/v7e-m+fp/hard/libc_nano.a(libc_a-strcasecmp.o)
                                 0x24 (size before relaxing)
 .comment       0x00000046        0x0 /usr/lib/gcc/arm-none-eabi/15.2.0/../../../../arm-none-eabi/lib/thumb/v7e-m+fp/hard/libc_nano.a(libc_a-strcat.o)
                                 0x24 (size before relaxing)
 .comment       0x00000046        0x0 /usr/lib/gcc/arm-none-eabi/15.2.0/../../../../arm-none-eabi/lib/thumb/v7e-m+fp/hard/libc_nano.a(libc_a-strncpy.o)
                                 0x24 (size before relaxing)
 .comment       0x00000046        0x0 /usr/lib/gcc/arm-none-eabi/15.2.0/../../../../arm-none-eabi/lib/thumb/v7e-m+fp/hard/libc_nano.a(libc_a-strtok.o)
                                 0x24 (size before relaxing)
 .comment       0x00000046        0x0 /usr/lib/gcc/arm-none-eabi/15.2.0/../../../../arm-none-eabi/lib/thumb/v7e-m+fp/hard/libc_nano.a(libc_a-strtok_r.o)
                                 0x24 (size before relaxing)
 .comment       0x00000046        0x0 /usr/lib/gcc/arm-none-eabi/15.2.0/../../../../arm-none-eabi/lib/thumb/v7e-m+fp/hard/libc_nano.a(libc_a-closer.o)
                                 0x24 (size before relaxing)
 .comment       0x00000046        0x0 /usr/lib/gcc/arm-none-eabi/15.2.0/../../../../arm-none-eabi/lib/thumb/v7e-m+fp/hard/libc_nano.a(libc_a-reent.o)
                                 0x24 (size before relaxing)
 .comment       0x00000046        0x0 /usr/lib/gcc/arm-none-eabi/15.2.0/../../../../arm-none-eabi/lib/thumb/v7e-m+fp/hard/libc_nano.a(libc_a-impure.o)
                                 0x24 (size before relaxing)
 .comment       0x00000046        0x0 /usr/lib/gcc/arm-none-eabi/15.2.0/../../../../arm-none-eabi/lib/thumb/v7e-m+fp/hard/libc_nano.a(libc_a-lseekr.o)
                                 0x24 (size before relaxing)
 .comment       0x00000046        0x0 /usr/lib/gcc/arm-none-eabi/15.2.0/../../../../arm-none-eabi/lib/thumb/v7e-m+fp/hard/libc_nano.a(libc_a-readr.o)
                                 0x24 (size before relaxing)
 .comment       0x00000046        0x0 /usr/lib/gcc/arm-none-eabi/15.2.0/../../../../arm-none-eabi/lib/thumb/v7e-m+fp/hard/libc_nano.a(libc_a-writer.o)
                                 0x24 (size before relaxing)
 .comment       0x00000046        0x0 /usr/lib/gcc/arm-none-eabi/15.2.0/../../../../arm-none-eabi/lib/thumb/v7e-m+fp/hard/libc_nano.a(libc_a-errno.o)
                                 0x24 (size before relaxing)
 .comment       0x00000046        0x0 /usr/lib/gcc/arm-none-eabi/15.2.0/../../../../arm-none-eabi/lib/thumb/v7e-m+fp/hard/libc_nano.a(libc_a-init.o)
                                 0x24 (size before relaxing)
 .comment       0x00000046        0x0 /usr/lib/gcc/arm-none-eabi/15.2.0/../../../../arm-none-eabi/lib/thumb/v7e-m+fp/hard/libc_nano.a(libc_a-lock.o)
                                 0x24 (size before relaxing)
 .comment       0x00000046        0x0 /usr/lib/gcc/arm-none-eabi/15.2.0/../../../../arm-none-eabi/lib/thumb/v7e-m+fp/hard/libc_nano.a(libc_a-assert.o)
                                 0x24 (size before relaxing)
 .comment       0x00000046        0x0 /usr/lib/gcc/arm-none-eabi/15.2.0/../../../../arm-none-eabi/lib/thumb/v7e-m+fp/hard/libc_nano.a(libc_a-freer.o)
                                 0x24 (size before relaxing)
 .comment       0x00000046        0x0 /usr/lib/gcc/arm-none-eabi/15.2.0/../../../../arm-none-eabi/lib/thumb/v7e-m+fp/hard/libc_nano.a(libc_a-malloc.o)
                                 0x24 (size before relaxing)
 .comment       0x00000046        0x0 /usr/lib/gcc/arm-none-eabi/15.2.0/../../../../arm-none-eabi/lib/thumb/v7e-m+fp/hard/libc_nano.a(libc_a-mallocr.o)
                                 0x24 (size before relaxing)
 .comment       0x00000046        0x0 /usr/lib/gcc/arm-none-eabi/15.2.0/../../../../arm-none-eabi/lib/thumb/v7e-m+fp/hard/libc_nano.a(libc_a-mlock.o)
                                 0x24 (size before relaxing)
 .comment       0x00000046        0x0 /usr/lib/gcc/arm-none-eabi/15.2.0/../../../../arm-none-eabi/lib/thumb/v7e-m+fp/hard/libc_nano.a(libc_a-nano-svfprintf.o)
                                 0x24 (size before relaxing)
 .comment       0x00000046        0x0 /usr/lib/gcc/arm-none-eabi/15.2.0/../../../../arm-none-eabi/lib/thumb/v7e-m+fp/hard/libc_nano.a(libc_a-nano-vfprintf_i.o)
                                 0x24 (size before relaxing)
 .comment       0x00000046        0x0 /usr/lib/gcc/arm-none-eabi/15.2.0/../../../../arm-none-eabi/lib/thumb/v7e-m+fp/hard/libc_nano.a(libc_a-fflush.o)
                                 0x24 (size before relaxing)
 .comment       0x00000046        0x0 /usr/lib/gcc/arm-none-eabi/15.2.0/../../../../arm-none-eabi/lib/thumb/v7e-m+fp/hard/libc_nano.a(libc_a-fprintf.o)
                                 0x24 (size before relaxing)
 .comment       0x00000046        0x0 /usr/lib/gcc/arm-none-eabi/15.2.0/../../../../arm-none-eabi/lib/thumb/v7e-m+fp/hard/libc_nano.a(libc_a-memmove.o)
                                 0x24 (size before relaxing)
 .comment       0x00000046        0x0 /usr/lib/gcc/arm-none-eabi/15.2.0/../../../../arm-none-eabi/lib/thumb/v7e-m+fp/hard/libc_nano.a(libc_a-sbrkr.o)
                                 0x24 (size before relaxing)
 .comment       0x00000046        0x0 /usr/lib/gcc/arm-none-eabi/15.2.0/../../../../arm-none-eabi/lib/thumb/v7e-m+fp/hard/libc_nano.a(libc_a-memcpy-stub.o)
                                 0x24 (size before relaxing)
 .comment       0x00000046        0x0 /usr/lib/gcc/arm-none-eabi/15.2.0/../../../../arm-none-eabi/lib/thumb/v7e-m+fp/hard/libc_nano.a(libc_a-abort.o)
                                 0x24 (size before relaxing)
 .comment       0x00000046        0x0 /usr/lib/gcc/arm-none-eabi/15.2.0/../../../../arm-none-eabi/lib/thumb/v7e-m+fp/hard/libc_nano.a(libc_a-reallocr.o)
                                 0x24 (size before relaxing)
 .comment       0x00000046        0x0 /usr/lib/gcc/arm-none-eabi/15.2.0/../../../../arm-none-eabi/lib/thumb/v7e-m+fp/hard/libc_nano.a(libc_a-nano-vfprintf.o)
                                 0x24 (size before relaxing)
 .comment       0x00000046        0x0 /usr/lib/gcc/arm-none-eabi/15.2.0/../../../../arm-none-eabi/lib/thumb/v7e-m+fp/hard/libc_nano.a(libc_a-wbuf.o)
                                 0x24 (size before relaxing)
 .comment       0x00000046        0x0 /usr/lib/gcc/arm-none-eabi/15.2.0/../../../../arm-none-eabi/lib/thumb/v7e-m+fp/hard/libc_nano.a(libc_a-wsetup.o)
                                 0x24 (size before relaxing)
 .comment       0x00000046        0x0 /usr/lib/gcc/arm-none-eabi/15.2.0/../../../../arm-none-eabi/lib/thumb/v7e-m+fp/hard/libc_nano.a(libc_a-signal.o)
                                 0x24 (size before relaxing)
 .comment       0x00000046        0x0 /usr/lib/gcc/arm-none-eabi/15.2.0/../../../../arm-none-eabi/lib/thumb/v7e-m+fp/hard/libc_nano.a(libc_a-signalr.o)
                                 0x24 (size before relaxing)
 .comment       0x00000046        0x0 /usr/lib/gcc/arm-none-eabi/15.2.0/../../../../arm-none-eabi/lib/thumb/v7e-m+fp/hard/libc_nano.a(libc_a-msizer.o)
                                 0x24 (size before relaxing)
 .comment       0x00000046        0x0 /usr/lib/gcc/arm-none-eabi/15.2.0/../../../../arm-none-eabi/lib/thumb/v7e-m+fp/hard/libc_nano.a(libc_a-makebuf.o)
                                 0x24 (size before relaxing)
 .comment       0x00000046        0x0 /usr/lib/gcc/arm-none-eabi/15.2.0/../../../../arm-none-eabi/lib/thumb/v7e-m+fp/hard/libc_nano.a(libc_a-fstatr.o)
                                 0x24 (size before relaxing)
 .comment       0x00000046        0x0 /usr/lib/gcc/arm-none-eabi/15.2.0/../../../../arm-none-eabi/lib/thumb/v7e-m+fp/hard/libc_nano.a(libc_a-isattyr.o)
                                 0x24 (size before relaxing)
 .comment       0x00000046        0x0 /usr/lib/gcc/arm-none-eabi/15.2.0/thumb/v7e-m+fp/hard/libgcc.a(_udivmoddi4.o)
                                 0x24 (size before relaxing)
 .comment       0x00000046        0x0 /usr/lib/gcc/arm-none-eabi/15.2.0/thumb/v7e-m+fp/hard/crtend.o
                                 0x24 (size before relaxing)

.debug_info     0x00000000    0x30067
 .debug_info    0x00000000      0x6a6 build/main.o
 .debug_info    0x000006a6      0x391 build/gpio.o
 .debug_info    0x00000a37      0xecb build/usart.o
 .debug_info    0x00001902     0x7ad5 build/mimic.o
 .debug_info    0x000093d7      0xf8c build/stm32f4xx_it.o
 .debug_info    0x0000a363      0x346 build/stm32f4xx_hal_msp.o
 .debug_info    0x0000a6a9     0x3fef build/stm32f4xx_hal_uart.o